490 unique solvents | 0 cached | 490 to fetch
[   1/490] ok   S5807104c1f38 CCC(CC)(CCl)C1CC1                                    eta  51.1m
[   2/490] FAIL S430bff3cde3c C[C]1C2CC3(CCC3C2C)C1C                               eta 207.2m  Sorry, an error has been detected in your input data (file, smile or selected ch
[   3/490] ok   Sb67b2c0ecdaf CCCC(F)C(=O)CC                                       eta 151.6m
[   4/490] ok   S948c8fb83d94 CCCC(=O)CC(CC#N)C(C)(C)C                             eta 128.0m
[   5/490] ok   Sdc50030926ce CCC(C)CC(C)=O                                        eta 110.4m
[   6/490] ok   Sc99d9b16dbb5 CCCCC(OC)C(CC)CC                                     eta 101.4m
[   7/490] FAIL Sc01a165c89b5 CC(C)C1[CH]CCC1                                      eta 125.4m  Sorry, an error has been detected in your input data (file, smile or selected ch
[   8/490] ok   Sc5afdc0d1f96 CCCOC(=O)OC(C)N(C)CC                                 eta 116.2m
[   9/490] ok   S33c8ea617033 CCC1C(=O)OC(C)C(C)C1C                                eta 109.0m
[  10/490] ok   Sefc0a92539bb CC(Cl)CC1CC(C#N)C1                                   eta 102.8m
[  11/490] ok   Sfff8dded6392 CC(C)(C)c1ccc2c(c1)ON(F)O2                           eta  97.7m
[  12/490] ok   Sf54d69514dd7 CCC(C)CC1(C2C(C)C2(C)C)CC1                           eta  94.6m
[  13/490] ok   Sf22199ad84a9 CCCC(=O)CC(C)C(C)C                                   eta  91.2m
[  14/490] ok   S3be81ebf022a CC1C2CC3CC14CC32CC4=O                                eta  89.9m
[  15/490] ok   Sfe0a2224b0d6 CCC(C)C(=O)C1(C#N)CC1                                eta  86.8m
[  16/490] ok   Sb8c4ec3d9f9d C#Cc1sccc1C(C)(C)C                                   eta  84.2m
[  17/490] ok   S4096ac4c09ea CC1CC(C)(C)C(C)(C)CC1=O                              eta  82.5m
[  18/490] ok   S89eb5805c65c CCCSC(C)CC(C)CC                                      eta  80.6m
[  19/490] ok   S1ec7b77ec362 CCC1CC1C1CC(CC(C)C)C1                                eta  79.6m
[  20/490] ok   Sf6505944a542 CCCC(C(C)C)C1(C)CCCC1                                eta  78.5m
[  21/490] ok   Scd193559ed5c CCC(C)CC1C(C)C(C)C1C                                 eta  77.7m
[  22/490] ok   Sf4b76415d7ab CCC(CC(C)=O)C(=O)CC(F)F                              eta  76.2m
[  23/490] ok   S0ee0dc5a8bf4 CC(C)N(C(C)C)C(C)C1(C)CC1                            eta  75.2m
[  24/490] ok   S5300873bc4a7 CS(=O)(=O)C1CCCCC1                                   eta  73.9m
[  25/490] ok   S3c719074f731 CC(C)C(C)C(C)CCC(C)(C)C                              eta  73.3m
[  26/490] ok   S1714f3826520 CC(=O)C1C2CC3CC(C2)CC1C3                             eta  72.9m
[  27/490] ok   Sbb7fa83b9196 CCC(C)OC(=O)CSC                                      eta  71.4m
[  28/490] ok   Sd36c3e562983 COCC(CC(C)C)C12CCCC1C2                               eta  71.0m
[  29/490] ok   Sc5da8e3272f7 CC(C)C1CC2CC(C#N)(C2)C(C)C1                          eta  70.5m
[  30/490] ok   Sa6a3d5227fd7 CCC(=O)CCC(=O)OC(C)=O                                eta  69.4m
[  31/490] ok   S3ffbcf1debc6 CCCC(C#N)CCF                                         eta  68.2m
[  32/490] ok   S933ec6c66b81 CCCCC(C)C(=O)OOCF                                    eta  67.3m
[  33/490] ok   Sc20bd1037f85 COC(=O)OC1CCCC(C)C1                                  eta  66.6m
[  34/490] ok   S9b643758157f CCCCCC(C)C(=O)OCCC                                   eta  65.9m
[  35/490] ok   Sa35cfc491e64 CCC1C2C(C)C(=O)CCCC12OC                              eta  65.7m
[  36/490] ok   S1f142f079b38 CC(C)CC(C)(C)C(C)C1CC1                               eta  65.2m
[  37/490] ok   Sf2d688e523f3 CCC(C)SC(C#N)C(CC)CC                                 eta  64.8m
[  38/490] ok   S8f1340067aec COC(=O)OCC(=O)C(=O)C(C)C                             eta  64.0m
[  39/490] ok   S1757108f5ae5 CCCCC1C(CC)C1(C)Cl                                   eta  63.5m
[  40/490] ok   Se0fb22cee5fe CC1OC(=O)OC2C(=O)N(C)C1C2C                           eta  63.0m
[  41/490] ok   Sf8166c430727 CC1C2CC(=O)C(C#N)C(C)(C)CC12                         eta  62.6m
[  42/490] ok   Sa756177b6943 CCC(C)PCCCPC                                         eta  62.0m
[  43/490] ok   S7bbcb126e0fa CCC(=O)C(C)CS(=O)C(C)C                               eta  61.5m
[  44/490] ok   S06b428d05009 CC1CC2CC(C2)C(C)C(=O)OC1C                            eta  61.4m
[  45/490] ok   S07a15c2261fc CCC12CC(CN(C)CC1C)C1CC12                             eta  61.4m
[  46/490] ok   S689754e2e743 CC(F)C(=O)C1(C)CCCO1                                 eta  60.9m
[  47/490] ok   S1534358f24c5 CCCC(CCCC#N)C(F)(F)F                                 eta  60.4m
[  48/490] ok   Sdca819aa9a12 C1C2C1C1C2CC2CC21C1CC1                               eta  60.4m
[  49/490] ok   Sa4b7429fc237 CCCCC(C)C(=O)C(C)(C#N)CC                             eta  60.0m
[  50/490] ok   S8af73807eb6d CCCC(C)CC(=O)OC(C)=O                                 eta  59.5m
[  51/490] ok   S0dfa37ccb00f CCCC(C)C(C)S(=O)(=O)F                                eta  59.0m
[  52/490] ok   S0daec2fd1c9a COC(=O)C(C)CS(C)(=O)=O                               eta  58.5m
[  53/490] ok   Saa1a20217fa0 CC1C2C(C)(C)C3CC3(C)C12C                             eta  58.3m
[  54/490] ok   S53b96ba881ae COc1cc(-c2ccccc2)c[nH]1                              eta  57.9m
[  55/490] ok   S215c3dee5440 CCCCCC(F)C(=O)CN(C)C                                 eta  57.5m
[  56/490] ok   S02f75f962139 CCN(C)CC1(CC(C)C)CCC1                                eta  57.4m
[  57/490] ok   S492656780d86 CCC12C3C4C(C)C5C3C13C4C2C53                          eta  57.6m
[  58/490] ok   S16c5a20ab57f CCCC(C)C(F)CCC(C)C                                   eta  57.4m
[  59/490] ok   Sd7c31bbb262a CCC1CCC1(C)C(C)(C)CC                                 eta  57.2m
[  60/490] ok   Sf10c4bc2c87a CC1CC2CC(C2)CC1C                                     eta  57.0m
[  61/490] ok   Sf19df5a34060 CCCC(C)(P)CC                                         eta  56.7m
[  62/490] ok   Sd737f5b5eb3e CCC1CCC(C)(C)C1C1CCCC1                               eta  56.6m
[  63/490] ok   S148aedf1b044 CCC1C(C)CC12CCS2(=O)=O                               eta  56.5m
[  64/490] ok   Sf0ccf2ecc2c6 CCCC(=O)OC1CCC(CC)C1                                 eta  56.3m
[  65/490] ok   S4661e232cb14 CCC(C)C1CCC(CCOC)C1                                  eta  56.3m
[  66/490] ok   Sba2151eeb424 CC1CC2CCCC(C(C)C)(C1)C2=O                            eta  56.1m
[  67/490] ok   S2b37bc0ab1b1 CSCC(C(=O)F)C(C)C(C)C                                eta  55.9m
[  68/490] ok   Sc9f793c4e322 CC12CC34CC5CC3C1(CC54)C2                             eta  55.9m
[  69/490] ok   S39eca86e5cae CC(C)C(=O)C(=O)C(C)(C)CC#N                           eta  55.6m
[  70/490] ok   S83a035dfd4b7 CC1(C(=O)Cl)CCCC1CCl                                 eta  55.2m
[  71/490] ok   S61a35d171a0e CCC(C)CC1CC1C1CCCC1                                  eta  55.1m
[  72/490] ok   S09f4af3f55c8 CC1CC2CCSC3CC1C2C3                                   eta  54.9m
[  73/490] ok   S520dadf820a9 CCC1CC(C)CC1(C)CC                                    eta  54.8m
[  74/490] ok   S04f9354a0ce7 CC(Cl)CC(C#N)CC(C)(C)C                               eta  54.5m
[  75/490] ok   S50bb80543e6c CCC(C)C(=O)CCC(C)(C)C(C)=O                           eta  54.3m
[  76/490] ok   S1f168c1db747 CC1CCC12CC2C(=O)OC1(C)CC1                            eta  54.2m
[  77/490] ok   See7b7915ca26 CCCC1SOC(C)(C)C1C                                    eta  54.0m
[  78/490] ok   S474d894c63f0 CCCC(CC)C(C)C1CC1CC                                  eta  53.9m
[  79/490] ok   S4bee2eeb9b7a CCC1(CC)CC(C)CC(C)C1                                 eta  53.7m
[  80/490] ok   Scd162cff19ff CC1C(CS(C)(=O)=O)C1(C)C                              eta  53.5m
[  81/490] ok   S2f81a223478a CCCCC(CCC)CC(C)C#N                                   eta  53.4m
[  82/490] ok   S03a167418cad CCCP(C)CCC(C)CC                                      eta  53.2m
[  83/490] ok   Sa96bae06f7f5 CCC(C#N)CCCC(CC)CC                                   eta  53.0m
[  84/490] ok   S3e91070b9bf6 CCCC1(C)CC(CC)C(=O)C1C                               eta  52.9m
[  85/490] ok   Scd79c24ad6c2 CSCCC(=O)CSC                                         eta  52.6m
[  86/490] ok   S020c91bb9432 CCCCCC(C)(C)CCC(C)C#N                                eta  52.4m
[  87/490] ok   S215eed19c40e CCCC(C)CC(C)S(C)(=O)=O                               eta  52.1m
[  88/490] ok   S085bfae473c3 CC1C2C3CC(C)C45C(CC2C34)CC15                         eta  52.3m
[  89/490] ok   S092311ac4b7e CC(CCCC1CC1C)CC(C)(C)C                               eta  52.2m
[  90/490] ok   S47e18ae7e0a2 CC1CCCC2CC34CCC1C23C4                                eta  52.2m
[  91/490] ok   S0f374748e1f0 CC1C(C#N)C2CC1C(C)(C)C2C                             eta  52.0m
[  92/490] ok   Sd98739503b9b CCCC(C#N)CC(C)CCC(C)C                                eta  51.9m
[  93/490] ok   S4006f3aa3b16 C1CCCC23CCCC2C(CC1)C3                                eta  51.9m
[  94/490] ok   S438872e204ff CCCC(C)CC1(C#N)CCC(C)C1                              eta  51.8m
[  95/490] ok   S8ca2fdcb8762 CC1CC1C(CC1CC1)C1CCC1                                eta  51.6m
[  96/490] ok   Sd7375efb798f CCC(C)CC1(CC(=O)OC)CC1                               eta  51.4m
[  97/490] ok   Sc542501a432b CC1CCCC2CC1COC(C)(C)C2                               eta  51.3m
[  98/490] ok   Sed183be5a1b2 CCC1CC2C(OC)CC(C)C2(C)C1                             eta  51.2m
[  99/490] ok   Sf19b728d9135 CCC(C)C(=O)CCC(C)C(C)(C)C                            eta  51.1m
[ 100/490] ok   S08ece3fc4c24 CCCC(Cl)C(C#N)CC                                     eta  50.8m
[ 101/490] ok   S3b94a1bccd96 COOCC(C)CCC(C)C                                      eta  50.6m
[ 102/490] ok   S2d7695c3830d CCC(CCC(C)C(C)C)OC                                   eta  50.4m
[ 103/490] ok   Saaf6455ac71f CN(C)C(=O)CC1(C)CC2CC1C2                             eta  50.2m
[ 104/490] ok   S54ea9a861261 CC1CC(OC=O)CCC2(C)CC2C1                              eta  50.1m
[ 105/490] FAIL Sf54892d5edaa CC[CH]C1C(COC)CCC2C(C)C12                            eta  52.0m  Sorry, an error has been detected in your input data (file, smile or selected ch
[ 106/490] ok   Scaafd0d5c5e6 CCC(C(C)C)C1(C)C(C)CCC1C                             eta  52.3m
[ 107/490] ok   S1dd77507259b COC(=O)CC1(CC(C)C)CCC1                               eta  52.1m
[ 108/490] ok   S12fd33700510 CCC(SC)C(=O)OC(C)C                                   eta  51.9m
[ 109/490] ok   S67d9707a7b0d CCOC(=O)OCCCS(C)=O                                   eta  51.6m
[ 110/490] ok   Sd269ffaefcd5 COC1CCCC(C2CCC3CC32)C1                               eta  51.4m
[ 111/490] ok   Sf1704d9e49e2 COC(=O)C1CCCC(C(C)C)C1C                              eta  51.3m
[ 112/490] ok   Sc945ef1d4e68 CC(=O)C1CC2CCCC(C2)C1=O                              eta  51.1m
[ 113/490] ok   Sb647fa7d1fbc CCC(Cl)CC(C)C1CCCC1                                  eta  50.9m
[ 114/490] ok   Sd23a8f2456b8 CCCC(CCC)C(C)CC#N                                    eta  50.7m
[ 115/490] ok   S768fb88d8bed CCCC1(CC)C(COC)C1(C)C                                eta  50.5m
[ 116/490] ok   S7e0a854d8c2e CC(C)C1CCCC1(C)C#N                                   eta  50.3m
[ 117/490] ok   Sb803f99d9dd9 CC1CC(CC(=O)C#N)C1                                   eta  50.1m
[ 118/490] ok   S1c0509a5bc15 CCC(CC)(OC(C)=O)C(C)(C)C                             eta  49.9m
[ 119/490] ok   S8d0f73ca7c00 CC(=O)OC1CCC(OC(C)=O)C1                              eta  49.7m
[ 120/490] ok   Sd31dbf095844 CCCC(CC)OOC(=O)Cl                                    eta  49.4m
[ 121/490] ok   S2aedd08cf251 CCCC(C)(C)CC(=O)C(C)C(C)C                            eta  49.2m
[ 122/490] ok   S89865e0d679d CCC(=O)N1CCCCC1Cl                                    eta  49.0m
[ 123/490] ok   S0debb2ea78ce CCC1CCC(C)(C)C(=O)C1                                 eta  49.2m
[ 124/490] ok   Sfcb43392bce6 CCC(C(C)C)C1CCC(C)(C)C1C                             eta  49.1m
[ 125/490] ok   Sbc26b1321804 CCC(CC)(OC(C)=O)SC                                   eta  48.9m
[ 126/490] ok   S013fdf74fdc1 CCCCCCC(=O)CC(C)CCC                                  eta  48.7m
[ 127/490] ok   S4625203302a0 CCCC(F)(F)CCCC#N                                     eta  48.5m
[ 128/490] ok   Sb4f22c20dd4f COC1C(C(C)=O)C2CCC3CC31C2                            eta  48.3m
[ 129/490] ok   S4e82a84f8f17 C1CC2CC2CC2CCC3(C1)CC3C2                             eta  48.2m
[ 130/490] ok   S2f4777d12906 CC1CCC(CCCCC2CC2C)C1                                 eta  48.1m
[ 131/490] ok   Sd7bdaf9f3368 CCCC1C2CCC(C)C(C)C12OC                               eta  48.0m
[ 132/490] ok   Scf1923c7a087 CCC(P)CCC(C)=O                                       eta  47.8m
[ 133/490] ok   S8608d8fc97d1 COP(C)(=O)CC(=O)CC(C)C                               eta  47.5m
[ 134/490] ok   S148e2fa0c07c CC(C#N)C1CCC(C)C1(C)C                                eta  47.4m
[ 135/490] ok   Sc95df2261b87 CC(CC1CC1)CC12CC1C2                                  eta  47.2m
[ 136/490] ok   S9d9b7937f2bd CC1CC2CCCC3CCC1C32                                   eta  47.5m
[ 137/490] ok   S73f7060b1e00 CCCCC(OC(C)=O)C(C)(C)F                               eta  47.3m
[ 138/490] ok   S6eabb7980054 CCCCCS(=O)(=O)CC                                     eta  47.0m
[ 139/490] ok   S49244028bc54 CC(Cl)CC(C)CC(C)CCF                                  eta  46.8m
[ 140/490] ok   S1001f6556102 CCC1C2CC3CC1(CC3C#N)C2=O                             eta  47.0m
[ 141/490] ok   Sf456fa0e2a2a CC1CC2CC3(C)CC(C1)(C2)C3                             eta  46.9m
[ 142/490] ok   Sa3e12b06cfb4 CC1CC12CCC1CCC3C(CC1)C32                             eta  46.8m
[ 143/490] ok   S44b0ad759a7a CCC1CCC2OC(=O)OC12                                   eta  46.6m
[ 144/490] ok   S941de040ae01 CC1C2C(=O)C(=O)C(CC(C)(C)C)C12                       eta  46.4m
[ 145/490] ok   S85cb0914f5eb CCC1CC(C(=O)OC)CC1=O                                 eta  46.2m
[ 146/490] ok   S6723b0684e6f CCCCCC(F)(F)C(C)C                                    eta  46.0m
[ 147/490] ok   S7adf30e6977e COCS(=O)(=O)C(C)(C)C                                 eta  45.8m
[ 148/490] ok   S3281a174850d c1csc(CCCC2CC2)c1                                    eta  45.6m
[ 149/490] ok   S4bba1360ab7c CCCC12CC(C1CC)N(C)C2CC                               eta  45.9m
[ 150/490] ok   S29111ea00e0a CCCC(Cl)(CC)CC                                       eta  45.7m
[ 151/490] ok   Saba94beca9d0 CCCC(CCC#N)C(C)(CC)CC                                eta  45.5m
[ 152/490] ok   S21b3f288896b CCC1(OC(=O)OC)CCC(C)C1                               eta  45.3m
[ 153/490] ok   S7ccd429524b5 CC(C)C1CCC(CCC#N)C1C                                 eta  45.5m
[ 154/490] ok   S4dd055d26b47 CCCC(C)(C1CCC1)C1CCC1C                               eta  45.3m
[ 155/490] ok   S71694db42c96 CCC1C(COC)C2C3CC3CC12C                               eta  45.2m
[ 156/490] ok   Sf9576e27998a CC(=O)OCP                                            eta  44.9m
[ 157/490] ok   Se980182157d3 CC(CF)C1(CF)CCOC1                                    eta  44.7m
[ 158/490] FAIL S9cb746f3716e N#CC1=CCC=C(F)S1                                     eta  45.1m  Sorry, an error has been detected in your input data (file, smile or selected ch
[ 159/490] ok   Sc7d8b7d1f96b CCC(C)C(P)CCCN(C)C                                   eta  44.9m
[ 160/490] ok   Sad1dcf189f93 CCCC(CC)(CC)CCl                                      eta  44.7m
[ 161/490] ok   S7e691d351329 COC(=O)C(C)CC(C)CC(C)=O                              eta  44.5m
[ 162/490] ok   S235b658d4b26 CCC1OC(=O)CCC1C(C)C                                  eta  44.6m
[ 163/490] ok   S0093f7b1166e CCCCC(CC)CC(=O)C1CC1                                 eta  44.4m
[ 164/490] ok   S78b2340aae36 CCC(C#N)CC(C)C1CCC(C)C1                              eta  44.3m
[ 165/490] ok   S7bb1936c0770 CCC(CC)CC(=O)C(C)CC                                  eta  44.1m
[ 166/490] ok   Se74c9a4aaac2 CC(=O)C1(CC(C)C(C)C)CCCC1                            eta  44.5m
[ 167/490] ok   Sa32c8c1fefe2 CCC(Cl)C(=O)C(C)=O                                   eta  44.2m
[ 168/490] ok   Sbb6378958c06 CCC1CCC(CC)C1                                        eta  44.0m
[ 169/490] ok   S0729e0894394 CCCC1CC1CC(C)(C)CC                                   eta  43.9m
[ 170/490] ok   Sf4642924395b CC1CC2CCC(C)C(C2)C1=O                                eta  43.7m
[ 171/490] ok   S8f3fb4a9257f CC1CC(C2C(C)C(C)CC2(C)C)C1                           eta  43.6m
[ 172/490] ok   S98fbd1dc7f19 CCC(C#N)CS(=O)(=O)CC                                 eta  43.4m
[ 173/490] ok   S704174ceff3d CCC(CC)C(C)C1CC(C)C1C                                eta  43.3m
[ 174/490] ok   Sbf7df6db1f34 CC(CC1CCC1)C(=O)Cl                                   eta  43.1m
[ 175/490] ok   Sb4b28df0322c CCCCC(C(C)=O)C(Cl)Cl                                 eta  42.9m
[ 176/490] ok   S0ef33bcac1ff COC(=O)OCC1C2CCCC1C2                                 eta  42.7m
[ 177/490] ok   S02591dae1a2e CCC(C#N)C1CCC1                                       eta  42.5m
[ 178/490] ok   S99b4ebe19032 CCCCC1CC(C2(C)CC2C)C1                                eta  42.3m
[ 179/490] ok   S42a5d3df1f5a CCC1(C#N)CCCCC(=O)O1                                 eta  42.1m
[ 180/490] ok   Sf1f1a71ce265 CCCC(C)(C#N)CCl                                      eta  41.9m
[ 181/490] ok   Sf97f954bd603 CCCCCCC(C)CC#N                                       eta  41.9m
[ 182/490] ok   Sa4cbf3457150 CC(C#N)CC1CCCC1                                      eta  41.7m
[ 183/490] ok   S564bf053352a CC12CC3CC(C1)C2C3                                    eta  41.6m
[ 184/490] ok   S3fa2564e7f67 CS(=O)(=O)CCCC1CCC1                                  eta  41.4m
[ 185/490] ok   S47c98294ff41 CCOC(=O)C(CC(C)=O)C1CC1C                             eta  41.2m
[ 186/490] ok   Sb703fe1a50f5 CCC12CC3CC4COC3C(C1)C42                              eta  41.3m
[ 187/490] ok   Sf52dcecf144a CCCCC(C)C12CCCCCC1C2                                 eta  41.2m
[ 188/490] ok   S1fdfd52b19d6 CC(C)(CCl)CCCl                                       eta  41.0m
[ 189/490] ok   S07fbd8140c70 CCCCCCCCC(C)PC                                       eta  40.9m
[ 190/490] ok   S8b1bf3f51566 CC1CC2CCCC3(CCCC3=O)C12                              eta  40.7m
[ 191/490] ok   S85bff4aaac3b CCCC(=O)C(C#N)C(CC)CC                                eta  40.6m
[ 192/490] ok   S30c282926cf7 CC(C)C(C1CC1)C(C)(C)C                                eta  40.4m
[ 193/490] ok   S677f2e1835a5 COCC1C2C(C)C2C(C)CC1(C)C                             eta  40.3m
[ 194/490] ok   S5e2fb05b8dc3 CCCCCCC(CC)CC                                        eta  40.2m
[ 195/490] ok   S2c3975e95d78 CCCOC(=O)C(C)C1CCC1CC                                eta  40.0m
[ 196/490] ok   Se2c915dfb207 CCCC(CC)C(C)(C)CSC                                   eta  39.8m
[ 197/490] ok   S2c62add78ea6 CCCC(C1CC1)C1CC1                                     eta  39.6m
[ 198/490] ok   S9c808b11287f CC(=O)CC1C(C)C2CCC1(C#N)C2                           eta  39.5m
[ 199/490] ok   S3edf6137d9c9 CCCC(CCC(F)F)C(=O)OC                                 eta  39.3m
[ 200/490] ok   S9fc75bb3be25 CC1CCC(=O)CC(=O)C12CCCC2                             eta  39.2m
[ 201/490] ok   S18e7dafbc7d1 CCCCC(SC)SSC                                         eta  39.0m
[ 202/490] ok   S39ae2dd49403 CCSCC1CCCCCC1                                        eta  38.8m
[ 203/490] ok   S563675d9fccf CCC(=O)C1(C)CC(C)CCCC1C                              eta  38.8m
[ 204/490] ok   S66717cc722a6 CC(F)C(C)S(C)(C)CF                                   eta  38.6m
[ 205/490] ok   Sd05e72462d5b CC(C)C1CCCCCCCCCC1                                   eta  38.5m
[ 206/490] ok   Sec2908caa354 CCCC(CC#N)CCC(C)CC                                   eta  38.5m
[ 207/490] ok   S906f14670514 CCCC(CCC)C[PH](C)=O                                  eta  38.3m
[ 208/490] ok   Sd8d51051b665 CCC(CC)OC1CC(=O)CC1CC                                eta  38.2m
[ 209/490] ok   Sf5f024885970 CCC(C)C1C(C(C)C)CC12CC2C                             eta  38.1m
[ 210/490] ok   S590d3ec55b88 CCCC(F)(CC)C(C)=O                                    eta  37.9m
[ 211/490] ok   S66c63f162273 CCC1C(OC(C)=O)OC(=O)C1C#N                            eta  37.7m
[ 212/490] ok   Sf61baf56bf5f CC(C)CCC1C(C)CC(C)C1(C)C                             eta  37.6m
[ 213/490] ok   S3c2b9a6b3cbf COC(C)CC1CCCC12CCC2                                  eta  37.4m
[ 214/490] ok   S306bd578470e CC(=O)CC(C)CCOC(C)=O                                 eta  37.2m
[ 215/490] ok   Sdad207b418e3 CCC(C)CCCC1C2CCC12C                                  eta  37.1m
[ 216/490] ok   S6eddb517b5ea CC1C(=O)C(C#N)CC2CCCC21                              eta  37.0m
[ 217/490] ok   S7a56115b4c36 CCOC(=O)CC1CC1C1CCCC1                                eta  36.8m
[ 218/490] ok   S8be9c34179ac CSC(Cl)(Cl)SC                                        eta  36.6m
[ 219/490] ok   Sd5a9ab0ab734 CCC(C#N)CC1CCCCC1                                    eta  36.4m
[ 220/490] ok   Sa0ac44749359 CCC1CC(C)C2(CC)CC12C                                 eta  36.3m
[ 221/490] ok   Sbb03007c1b66 CC(=O)C(C)C1CC(C)C(C)C1                              eta  36.1m
[ 222/490] ok   S2d92c9c846f8 CCCCCC(=O)OC(C)CCC                                   eta  36.0m
[ 223/490] ok   S47877aa32dad CCCCCC1CCCC1CCC                                      eta  35.8m
[ 224/490] ok   S0856fd16b158 CCC1CCCCC1C(=O)OC(C)C                                eta  35.7m
[ 225/490] ok   Sa6089f35064a CCCC1(C)CC(=O)C12CCCC2C                              eta  35.6m
[ 226/490] ok   Sb5996fb1cc25 CC(C)CCCC(C)C(C)SC#N                                 eta  35.6m
[ 227/490] ok   S773fac990d31 CN(C)C1=COC(C#N)=CO1                                 eta  35.4m
[ 228/490] ok   S9c8179824544 CCCCCCCC(C)P                                         eta  35.2m
[ 229/490] ok   Sb198202ea31d CC12CC3(C)CC(C1)(C2)S3(=O)=O                         eta  35.1m
[ 230/490] ok   Sda1cacdbc9c4 CCCC1(CC)COC(=O)OC1                                  eta  34.9m
[ 231/490] ok   S93948a0c378c C1CC2CC2C(C2CC2)C1                                   eta  34.7m
[ 232/490] ok   Sf7b1e6b7e901 CCCCCCC(CC)C(C)(C)C                                  eta  34.6m
[ 233/490] ok   S7e5730baa9c6 CC(CF)CCCF                                           eta  34.4m
[ 234/490] ok   Sd8be3826b583 CCCCC(CC)CC1CCCC1C                                   eta  34.3m
[ 235/490] ok   S226863e83430 CCC(CC(C)(F)F)C(=O)CC#N                              eta  34.1m
[ 236/490] ok   Sf307e9b7d786 CCCCCC1CC1C(=O)C(=O)C#N                              eta  33.9m
[ 237/490] ok   S3f15ac81e06e CCCCC(=O)C(C)(C)C(C)C                                eta  33.8m
[ 238/490] ok   S778694cdca07 CC(=O)CCC(C)(C)C(C)C(C)C                             eta  33.6m
[ 239/490] ok   Se3c12237517c COC(=O)CC1CCCCCC(C)C1                                eta  33.5m
[ 240/490] ok   Sb9c6d3d2c9f5 CCCCC(CC)C1CC(=O)N1C                                 eta  33.4m
[ 241/490] ok   Scc9eb242aee3 CCC1CCC2C3CCC3OC(=O)C12                              eta  33.2m
[ 242/490] ok   Sda541a8e3cb1 CCCC(C)N(CC)CC(=O)CC                                 eta  33.3m
[ 243/490] ok   S741ce2435b05 CCCC(CC)COC(=O)OCC                                   eta  33.1m
[ 244/490] ok   Sffb26a91871b CCC(CC)C(C)C(=O)OC(C)C                               eta  32.9m
[ 245/490] ok   S0784587f49f4 CCS(=O)(=O)CCCC(C)(C)C                               eta  32.8m
[ 246/490] ok   S64fe52509b79 CC(C)CC(C)(C#N)CC1CC1(C)C                            eta  32.8m
[ 247/490] ok   S186cb44e056d CCC1CCC(C)CC1(C)CC(C)C                               eta  32.7m
[ 248/490] ok   S0e2a3cf7f309 COC(=O)C1CC(C)(F)CC1CF                               eta  32.5m
[ 249/490] ok   S33048bd02f4d CCCCC(=O)C(C)C(C)OC                                  eta  32.4m
[ 250/490] ok   S25d091ed29f0 CCON(C)C(C)C1CCCS1                                   eta  32.3m
[ 251/490] ok   Scac2624e0cf1 CCC(CC)OP(=O)(Cl)CC                                  eta  32.1m
[ 252/490] ok   S97aa1623b0ae CCC1CCCC(=O)C1Cl                                     eta  32.0m
[ 253/490] ok   S0d661ac5af93 CCSCC(CC)SSC                                         eta  31.8m
[ 254/490] ok   Sc3908a32053f CC1CC(CCC(=O)OC(C)(C)C)C1                            eta  31.8m
[ 255/490] ok   Se506208a4232 CC1CCC1(C)C1(C(C)C)CC1(C)C                           eta  31.6m
[ 256/490] ok   S21ee62110bf4 CC(F)CC(C)(F)C#N                                     eta  31.5m
[ 257/490] ok   S8f5ff86e310c CC12CCC3CCC(C1)C2COC3                                eta  31.3m
[ 258/490] ok   S31bb49561b07 CC(C)(C)CC1CCS1(=O)=O                                eta  31.2m
[ 259/490] ok   S3e08d4e3d6f8 C1CCC23CC2C2CC2(C1)C3                                eta  31.1m
[ 260/490] ok   S95a88cb3ce65 CC(C)CC(F)(F)C(C)CF                                  eta  30.9m
[ 261/490] ok   S19e8ece671ac CCCCC(=O)OCCC(C)C                                    eta  30.7m
[ 262/490] ok   Sca8850f40247 CCC(=O)C(C)C(CC)SC#N                                 eta  30.6m
[ 263/490] ok   S714db46e8721 COC(=O)C(=O)C(C)CC(C)Cl                              eta  30.4m
[ 264/490] ok   S961379ae9495 CCCCCCCC(C)(C)C(C)(C)C                               eta  30.3m
[ 265/490] ok   S8685bf8df3cd CCCC1CCC1CCl                                         eta  30.1m
[ 266/490] ok   Sd65f75c3bea9 CCCC(C)OC(=O)OC(C)=O                                 eta  29.9m
[ 267/490] ok   S9131473a136e CCP(C)CCCC(C)C                                       eta  29.8m
[ 268/490] ok   Sd18aae4c301d CCCCC(C)S(=O)(=O)Cl                                  eta  29.6m
[ 269/490] FAIL S361842f7ee0e C1CCC2CCC[C](C1)C2                                   eta  29.9m  Sorry, an error has been detected in your input data (file, smile or selected ch
[ 270/490] ok   S0c1a921aa42c CCCC1(CCC(C)C)CCCC1                                  eta  29.8m
[ 271/490] ok   Sd86af9db6f52 CCCC1CC(=O)C(C(C)C)C1(C)C                            eta  29.6m
[ 272/490] ok   S9c82a341e1dc CCOC(C)=O                                            eta  29.6m
[ 273/490] ok   S9abea462f31b CCC1CCCC12CC(=O)OC2C                                 eta  29.5m
[ 274/490] ok   S7fa323ae328e CCCCCC(C)C(C)C(C)CCC                                 eta  29.3m
[ 275/490] ok   Sac66560e7d87 CC1CC(C)(C#N)C(=O)C2(C)CC12                          eta  29.2m
[ 276/490] ok   S310e0a4d595b CC1(C(C#N)CCC2CC2)CCCC1                              eta  29.0m
[ 277/490] ok   Sd1dc43143f43 CCCCCOC(=O)C(C)C                                     eta  28.9m
[ 278/490] ok   S73a7eb833b8f CCC1COC(C)C2CCC2C1C                                  eta  28.7m
[ 279/490] ok   Sd73f2639bcc7 CC(CCCC(C)C(C)C)SC#N                                 eta  28.6m
[ 280/490] ok   S2c8bb0cecdef C1CC2CC1CC1CC21                                      eta  28.4m
[ 281/490] ok   S4d2f15c975f3 COC(=O)OCCOC(C)F                                     eta  28.3m
[ 282/490] ok   Sf4671bf64324 CCN1C(C)CC(=O)C12CC2C                                eta  28.1m
[ 283/490] ok   S22d594f40992 CCCC(=O)C(C)C(=O)CC(C)=O                             eta  28.0m
[ 284/490] ok   S3a7beacdebdd CCC1CC(C)(CC)C(=O)CC1(C)C                            eta  27.8m
[ 285/490] ok   S7a6b389b9d55 CCCCC(C)(CC)CCC(C)=O                                 eta  27.7m
[ 286/490] ok   S7babaeecc22a CC(C)C(C)C(F)(F)C(F)C(C)C                            eta  27.5m
[ 287/490] ok   Sba29cb4cafe8 CC1CCC1CC1(C#N)CC(C)(C)C1                            eta  27.4m
[ 288/490] ok   S4912a45432f3 CC(C)C1CCC(Cl)CC1C                                   eta  27.2m
[ 289/490] ok   Se8cc3e7b0f9a CCC1C2CCCC(C3(C)CC3)C12                              eta  27.1m
[ 290/490] ok   S1c44bbe44955 CC1COCC2(C1)C(=O)OCC2C#N                             eta  27.0m
[ 291/490] ok   S53881e841fcf COC(=O)C1(C)CCC12CCCC2                               eta  26.8m
[ 292/490] ok   Se5d79f034af8 CCC1CC(C)C1C(C)CCOC                                  eta  26.7m
[ 293/490] ok   S5f05f128dad8 CCCCCCC1(CC)CCC(C)C1                                 eta  26.6m
[ 294/490] ok   S618f437d963b CC(=O)CCC1CCC(C)O1                                   eta  26.4m
[ 295/490] ok   S483e2c366092 CCCC(C)C1OC(=O)C1C                                   eta  26.2m
[ 296/490] ok   S132a7250d70e CCCC(C(=O)CC)C(CC)C(C)C                              eta  26.1m
[ 297/490] ok   S405908ff67ce CC(=O)N(OC(=O)OCF)C(C)=O                             eta  25.9m
[ 298/490] ok   Sb4f8232b0eff CCCC(C#N)CCCC(C)(C)CC                                eta  26.0m
[ 299/490] ok   S11daa9807048 CCC1(C(C)(C)C)OOC1=O                                 eta  25.8m
[ 300/490] ok   Se447765789e9 CC(=O)C1CC2(C(C)=O)CC2C1C                            eta  25.7m
[ 301/490] ok   Sa2822d48f732 C#Cc1ccc(N(C)C)s1                                    eta  25.6m
[ 302/490] ok   S4492192f1d4e CCC(C)C(CC#N)CCCC(C)=O                               eta  25.5m
[ 303/490] ok   S10cf9329fa6e CCCC12CC(C)C1CC(=O)O2                                eta  25.4m
[ 304/490] ok   S5fa0b9594e4f CCCCC(CCC)CCF                                        eta  25.3m
[ 305/490] ok   S9493aee39285 CCC1CC(C)C(C)(C)C1(C)C                               eta  25.1m
[ 306/490] ok   S51e845198b25 CCC1(C)CC1CCC(C)C(C)C#N                              eta  25.1m
[ 307/490] ok   Sa779ca5c4dc5 CC1C(=O)C2CCCC(C)(C2)C1(C)C                          eta  25.0m
[ 308/490] ok   S83cd55626e8f CCCC(Cl)(Cl)C(F)(F)F                                 eta  24.8m
[ 309/490] ok   S591b8e4b99eb CCCCCC1(C(C)C)CC1                                    eta  24.7m
[ 310/490] ok   S8dd2bb084caf CCCOC(=O)OCOC                                        eta  24.5m
[ 311/490] ok   S00ae5d24d88e CCC(C(=O)OC)S(=O)(=O)CC                              eta  24.4m
[ 312/490] ok   Sdcd316182b15 CCC1(C2(C)CC3C(C)C3C2)CC1C                           eta  24.3m
[ 313/490] ok   S4d0c8ac3ea88 CC(=O)C1C2CCC(CSC2)C1C                               eta  24.1m
[ 314/490] ok   S43e65862d143 CC(=O)C1CC(C)CCC1C                                   eta  24.0m
[ 315/490] ok   S8c52916a9cc4 CCS(=O)(=O)C1CCC1                                    eta  23.8m
[ 316/490] ok   S9e42897c7122 CCC1C2C3CC4CCC(C)C4(C3)C12                           eta  23.7m
[ 317/490] ok   S82dda085815f CC(C)C1CCC2C(C1)C1C2N1C                              eta  23.6m
[ 318/490] ok   S64b9f25a2563 CC(C)CSC1CC2CCCC2C1                                  eta  23.4m
[ 319/490] ok   S47844fb1745a CC(C)(CS(=O)(=O)F)C1CC1                              eta  23.3m
[ 320/490] ok   S94838a92d05e CC1C(=O)C2CCCC2C1=O                                  eta  23.1m
[ 321/490] ok   S44b9815d0bb6 COC(=O)C(C)CC(C)(C)C(C)C                             eta  23.0m
[ 322/490] ok   Sd631448041a5 CC(=O)C(C(C)=O)C1CC1C                                eta  22.8m
[ 323/490] ok   S2c58752f76d1 CC1C2CC3C(C2)C3C1CC#N                                eta  22.7m
[ 324/490] ok   S3446c8d7f537 CC(C)CCC1CC1CC1CCC1C                                 eta  22.6m
[ 325/490] ok   Sd3005650658b CC(C)C(C)OC(C)C(F)(F)F                               eta  22.5m
[ 326/490] ok   S7bc5eff27508 CC1CCC2CC1(C1CC3CC1C3)C2                             eta  22.3m
[ 327/490] ok   S7d05cbdbe553 CCC(C)CC1(CC)CCCCC1                                  eta  22.2m
[ 328/490] ok   S46f60018b3ae CCCC(C)C(C)(C)CCC(C)=O                               eta  22.2m
[ 329/490] ok   Sd88a7ba70eab CC1=C[C@H](F)C=CO1                                   eta  22.0m
[ 330/490] ok   S212fcef44279 CC1C2CC3CC3C(C#N)C(C2)C1C                            eta  21.9m
[ 331/490] ok   S2c6db26ab6e2 CC1(C(=O)C2CCCCC2=O)CCC1                             eta  21.7m
[ 332/490] ok   S4614047ca666 CC(=O)CC(C(C)=O)C(=O)C(C)=O                          eta  21.6m
[ 333/490] ok   Sbaa7a375e524 C1C2CC3C4CC5CC4C3C1CC25                              eta  21.5m
[ 334/490] ok   S4b08fa0c9abb CCC(C)(C)CCCC(F)CF                                   eta  21.3m
[ 335/490] ok   S9d4e73696978 CC(Cl)CCC(C)C(F)(F)F                                 eta  21.2m
[ 336/490] ok   S748cb522d6bf CCCCCC(C#N)(CC)C(C)=O                                eta  21.0m
[ 337/490] ok   S32d001e3f3b6 CCOC(=O)C(C#N)(CC)CC(C)C                             eta  20.9m
[ 338/490] ok   Sfa9b574ca493 CCCOC(=O)OCCC(C)OC                                   eta  20.7m
[ 339/490] ok   Safaf25347f45 CCCC1(Cl)CC2CCC1C2                                   eta  20.6m
[ 340/490] ok   Sbeca3cf453ae CCCCCC(=O)N(C=O)CCC                                  eta  20.4m
[ 341/490] ok   S03b1c3d6608e CC1(C)C2C3CCC4C3CC2C41C                              eta  20.3m
[ 342/490] ok   S8fd80d3badb6 CC(C)C1CCC2C(C)C2(C)C1                               eta  20.1m
[ 343/490] ok   S8bb7ec38e979 CCC(C)C(OOC)C(C)C(C)C                                eta  20.0m
[ 344/490] ok   S1ae25b2e2f71 CCCC1CC1(C)C(=O)C#N                                  eta  19.9m
[ 345/490] ok   Se54e5e1458a3 CCCC(=O)C(CC)CC(C)(C)F                               eta  19.7m
[ 346/490] ok   S449c85953918 CC(C)N(C)C(CCF)CC(F)F                                eta  19.6m
[ 347/490] ok   S8cdd65623f90 CCCCC(C#N)CC(C)CC(C)C                                eta  19.4m
[ 348/490] ok   S4991d945e3bf CC1C(C#N)C23CC(C)C(C)(C2)C13                         eta  19.3m
[ 349/490] ok   S2da4f0e838ce CCCCC(C)(C)C(Cl)C#N                                  eta  19.1m
[ 350/490] ok   S3f5cb079c28a CC(C)(C)CC1CCCCC1C#N                                 eta  19.0m
[ 351/490] ok   S69efe6872bba CC12CC3C4CCC35CC(C1CO5)C42                           eta  18.9m
[ 352/490] ok   S5abf042b60e2 CC(=O)CC1CC1C1CC(C)C2CC21                            eta  18.7m
[ 353/490] ok   S20c79f89aeba CCC(C#N)C(C)CCC(C)C                                  eta  18.6m
[ 354/490] ok   Sf4dd3c19cd89 CCC1CCC(CCCCCl)C1                                    eta  18.5m
[ 355/490] ok   Sd15cc661409b CCCCCC(CC)C(C)(C)C                                   eta  18.4m
[ 356/490] ok   Sd663443b16fe CCC1CCS12CC2                                         eta  18.2m
[ 357/490] ok   Sf42ae195b4ec CSC(C#N)CC(C)(C)C                                    eta  18.1m
[ 358/490] ok   S4018fef8453d CCCC1CC2(CCCCC2)CO1                                  eta  17.9m
[ 359/490] ok   S4c6e570a4396 CCCCC(C)CC(=O)CC                                     eta  17.8m
[ 360/490] ok   Sd9dc0fe3209c CC12CCCC1(C)C(C(=O)C#N)CC2                           eta  17.6m
[ 361/490] ok   S55ec99761935 CCC(C)CC(C(C)C#N)C(C)(C)C                            eta  17.6m
[ 362/490] ok   S6fb169a60611 CC(=O)CCCCC(C)CC(C)=O                                eta  17.5m
[ 363/490] ok   S91316768d2cc CCCOCCC1CC(C)CCC1C                                   eta  17.3m
[ 364/490] ok   Sc12b495e079e CC(C)CCC1(C)N(C(C)C)C1(C)C                           eta  17.2m
[ 365/490] ok   S5c7048949758 CCC(=O)C(C)C1SCCS1                                   eta  17.0m
[ 366/490] ok   S51cb37ed5e76 CCCCOS(C)(C)C(C)(C)C                                 eta  16.9m
[ 367/490] ok   S0a00113883f1 CCCC(CCC)CC(C)CC#N                                   eta  16.8m
[ 368/490] ok   Sfc50a27988ff CCCCC(CC)C(C)CC(C)C                                  eta  16.6m
[ 369/490] ok   S2b6667448be0 CC(=O)CC(=O)C1(C)CC1C                                eta  16.5m
[ 370/490] ok   S18868d4b6d16 CC1CCC2C(C)CC(C)C2C1                                 eta  16.3m
[ 371/490] ok   S88c0256d29e4 CCCCCC1(C2CC2)CC1                                    eta  16.2m
[ 372/490] ok   Sd29032727b47 CC1CCC(=O)C1C(C)C(C)(C)C                             eta  16.1m
[ 373/490] ok   S2dc26f76daea CC(=O)OC1(C)CCCC(C)(C)C1C                            eta  16.0m
[ 374/490] ok   S7f239775ead5 CCCC12CCOC1(CC)C2                                    eta  15.9m
[ 375/490] ok   S29d9d1d89fb7 CCC1C(C2C3CCCC32)C1(C)C                              eta  15.7m
[ 376/490] ok   S9ca4c915b22f CC1(C)CC2CCCC(C#N)(C2)C1                             eta  15.6m
[ 377/490] ok   S3440701362b9 CC(C)C1C(C)CCCC1C#N                                  eta  15.4m
[ 378/490] ok   S36c1e53a8081 CCCCC1CC1C1C(=O)CCC1C                                eta  15.3m
[ 379/490] ok   S4e3c54e90875 CC(=O)C(C)(C)C(C)C#N                                 eta  15.2m
[ 380/490] ok   S105b713f5a46 CCC1(C)CC(=O)CCC1(C)C                                eta  15.0m
[ 381/490] ok   S8c9ce98c9a2b CCCCC(=O)CCC(C)(C)C#N                                eta  14.9m
[ 382/490] ok   S64644640c1ff CC1CCCC2C(C1)CC(C)C2(C)C                             eta  14.8m
[ 383/490] ok   Sd3ae60486a18 CCC(CC)C(=O)CS(C)(=O)=O                              eta  14.6m
[ 384/490] ok   Saa5f97f3f22c COC(=O)C(C)C(C)S(=O)(=O)F                            eta  14.5m
[ 385/490] ok   Sc48b3e380db0 CC1C2CCC(C)(C)C1OC(=O)O2                             eta  14.3m
[ 386/490] ok   S350f767980e6 CCCC(=O)C(=O)OC                                      eta  14.2m
[ 387/490] ok   S3edb542cccd8 CCCC1(CC)OOOC1C                                      eta  14.1m
[ 388/490] ok   S11dbf603976a CC(C)C(C)CCCC(=O)C#N                                 eta  14.0m
[ 389/490] ok   S7f630a259675 CC(C)CC1(C)CC(C)C12CC2                               eta  13.8m
[ 390/490] ok   Sd06cb76093d0 CC(C)CC(C)CC#N                                       eta  13.7m
[ 391/490] ok   S7f75c1115255 CCCC(C)SCC(C)(C#N)CC                                 eta  13.5m
[ 392/490] ok   Sa6dd15fd0e20 CCCC(=O)CCCCC(F)CC                                   eta  13.4m
[ 393/490] ok   S2c116962cb75 CC1CCC(C)(C)CC1                                      eta  13.2m
[ 394/490] ok   Scf8ae6296730 CC(F)CC1CC(C)C(C)C(C)C1                              eta  13.1m
[ 395/490] ok   S343eb3b06b68 CC1CCC(C)(CC2CC2)C1(C)C                              eta  13.0m
[ 396/490] ok   S5d41d348fe74 CC(=O)CCC1CC(=O)C1C(C)C                              eta  12.8m
[ 397/490] ok   S3124c1c67d7b CC1CC2CC3CCC(C1)C3C2                                 eta  12.7m
[ 398/490] ok   Sdaeeb9e5227e CC(CS(C)(=O)=O)C(F)CF                                eta  12.6m
[ 399/490] ok   Sc53d1cbd19cc CCCCC(CC#N)C(C)(C)F                                  eta  12.4m
[ 400/490] ok   Sc89b2e9a7cc2 CCC12COC(CC1C)CC2(C)C                                eta  12.3m
[ 401/490] ok   Sc5c6aa8511cf CCCOCCCC(C)CCC                                       eta  12.1m
[ 402/490] ok   Scd9bd4eae4e8 CCCC1(C)CCC(C)CC1(C)C                                eta  12.0m
[ 403/490] ok   S74ba05e7be4c CC1CCCC2(C#N)CCC(C1)C2                               eta  11.9m
[ 404/490] ok   Se4b1fea15fa6 CC1(C)CCCCCS(=O)(=O)C1                               eta  11.7m
[ 405/490] ok   Sbfb28e1331c0 CCC(C)(C)CCC(=O)N1CCCO1                              eta  11.6m
[ 406/490] ok   S49a4630f52c4 CCCCC(CC)CC(C)C(C)CC                                 eta  11.5m
[ 407/490] ok   S102a9bcca9d2 CC(=O)C1CCCS(=O)(=O)C1                               eta  11.3m
[ 408/490] ok   S36d3833efd1d CCCC12CCCC(C1)C(Cl)C2                                eta  11.2m
[ 409/490] ok   S6025d9407903 CCC12CC(CCCCC1=O)C2                                  eta  11.0m
[ 410/490] ok   S1a1cf1d818d4 COC(=O)C1(C)CCCC(=O)C1C                              eta  10.9m
[ 411/490] ok   S87adb08ea001 CC1CC12CC1(CC1)C2                                    eta  10.8m
[ 412/490] ok   S6e63502a03fe CCCC(C)C(C)(CC(C)C)C(C)C                             eta  10.6m
[ 413/490] FAIL S410ef7e99f81 C[C]1[CH][C]C2CC[C](CC1)C2(C)C                       eta  10.6m  Sorry, an error has been detected in your input data (file, smile or selected ch
[ 414/490] ok   S540c9bce5ae8 CCCC(=O)C(C)C(C)(C)C                                 eta  10.5m
[ 415/490] ok   Sa86757a9ca26 C=Cc1ccc(C(C)=O)s1                                   eta  10.3m
[ 416/490] ok   S2a6894737951 C1CC2CC3C4CC4C3C3CC(C1)C23                           eta  10.2m
[ 417/490] ok   S4c1fa032d683 C1CC(C2CC3CC4(CCC24)C3)C1                            eta  10.0m
[ 418/490] ok   Sa3d3e58a44f1 CCCC(=O)C1CCCC(=O)C1CC                               eta   9.9m
[ 419/490] ok   S019e3680544f CC(C)CC1(C)CCCC(C)C1C#N                              eta   9.8m
[ 420/490] ok   S5abea7358f4a CCCC(C)C(C)CCC(=O)CC#N                               eta   9.6m
[ 421/490] ok   S698aa04d26aa CCC1C(C)C(C)CC1C(C)(C)CC                             eta   9.5m
[ 422/490] ok   S21c3b61d16a4 CCCCCCCCC(C#N)C(C)C                                  eta   9.3m
[ 423/490] ok   Sdf475eb76ff7 CCCCCC(CSC)C(C)C                                     eta   9.2m
[ 424/490] ok   S9b35c1a8cb3a CCCCC(C)(C)CCCC(C)C                                  eta   9.1m
[ 425/490] ok   S7646c4e68019 COC1=CSC=CC1                                         eta   8.9m
[ 426/490] ok   S652d24891b1c CCCC(=O)C(C)C(C)C(C)C(C)C                            eta   8.8m
[ 427/490] ok   Sd81005bda8b7 CCC1C(C)CC1C(C)C                                     eta   8.6m
[ 428/490] ok   Sacaced582033 CC1CC(C)C(CCC(=O)N(C)C)C1                            eta   8.5m
[ 429/490] ok   Sfcbb517ad521 CCCCC(C)C(=O)C1CO1                                   eta   8.3m
[ 430/490] ok   S76874b16b9c2 CCCCCCCOS(C)(=O)=O                                   eta   8.2m
[ 431/490] ok   S0963cf231b77 CCCC(=O)C(CC)S(C)(=O)=O                              eta   8.1m
[ 432/490] ok   Sf2cd0b21d775 CCC1CC2C3CCC2(C1)CC1CC13                             eta   7.9m
[ 433/490] ok   S51f19d4718d1 CC1(C(F)F)CCCC1=O                                    eta   7.8m
[ 434/490] ok   S9a3e48c7329e CC1CCC(=O)C(C)(C)CC1C                                eta   7.7m
[ 435/490] ok   Se732b32e0b9a CCCCC(C)C(C)SOC                                      eta   7.5m
[ 436/490] ok   S854954286a9b CC(=O)CCCC(C)C(C)(C)C#N                              eta   7.4m
[ 437/490] ok   Se3f549a5d23b CCCC(=O)OSC                                          eta   7.2m
[ 438/490] ok   Sf7a80b70e1cf CCC1(C)CC2C(C)C2C1C(=O)OC                            eta   7.1m
[ 439/490] ok   S54bc35cabc25 CC1CN2C(C)C3OC(=O)OC3C12                             eta   7.0m
[ 440/490] ok   S5129f39735bf CCC(C)C(F)CCCCC(C)C                                  eta   6.8m
[ 441/490] ok   Sf2238c0afee3 CCC(CC#N)CCF                                         eta   6.7m
[ 442/490] ok   S86006ad61426 CCCCCCCCC(C)CCF                                      eta   6.5m
[ 443/490] ok   S87be929fcdd1 CCC12CC1OC(=O)CCCCC2C                                eta   6.4m
[ 444/490] ok   S15e4a5daa0b8 CCS(=O)(=O)CC(C)CCCl                                 eta   6.3m
[ 445/490] ok   Sb5f8b2e0409a CCCC1CC2C3CCC3C3C1C23                                eta   6.1m
[ 446/490] ok   S468a1305e7ef CC1CCCC(C)S(=O)(=O)CC1                               eta   6.0m
[ 447/490] ok   S76cb98704df3 CC1COCCCC1(C)C                                       eta   5.9m
[ 448/490] ok   Scb01268f32c8 CC1C2CC2C1(C)CC1CCCC1                                eta   5.7m
[ 449/490] ok   S488fe398d100 C[C]1CCCC(=O)CN1[O]                                  eta   5.6m
[ 450/490] ok   S66cc5bdb407d CCC(=O)C(CCC(C)C)OC                                  eta   5.4m
[ 451/490] ok   S873d9c1b3d16 CCCC1CC1(CCC)CC(C)C                                  eta   5.3m
[ 452/490] ok   S18cb379914cf CC(C)CCOC(=O)C(C)(C)F                                eta   5.2m
[ 453/490] ok   S79b623a4f639 CCCC(CCC)CCC(C)(C)C                                  eta   5.1m
[ 454/490] ok   S6d81f6960de1 CC1CCC(C)C12C(=O)CCCC2=O                             eta   4.9m
[ 455/490] ok   Sa28fab30c970 CC1CC(C)(C)C(=O)CC1C(C)(C)C                          eta   4.8m
[ 456/490] ok   Sb99841ae74a7 CCC1CCC(Cl)C1C(C)=O                                  eta   4.7m
[ 457/490] ok   Sdf29eb5de996 CCS(=O)(=O)CCCC(C)(C)F                               eta   4.5m
[ 458/490] ok   S0864a8853cc8 CCC1CC1C1CCC(C)C1C                                   eta   4.4m
[ 459/490] ok   Se3c539fd0daf CCC1(OOC)CC1C                                        eta   4.2m
[ 460/490] ok   S1cfa065beddf CCCP(C)CCC                                           eta   4.1m
[ 461/490] ok   Sb4bbb829a6cc CCC1CC(C(C)C)C(C)(C)C1C                              eta   4.0m
[ 462/490] ok   S22a1f2e879e5 CCC(C)(C)CCC1C2CCSC21                                eta   3.8m
[ 463/490] ok   S3aadd3bf5860 COC(=O)OC(CC(C)C)N(C)C                               eta   3.7m
[ 464/490] ok   Sb92833eea87b CCCCCC(CC1CCC1)C1CC1                                 eta   3.6m
[ 465/490] ok   S5f4ac39e42a9 CC(C)CSC(C)C(C)(C)C                                  eta   3.4m
[ 466/490] ok   Sad1eacf0b333 CCCCC1CCCC(CC)C(C)C1                                 eta   3.3m
[ 467/490] ok   S154d08ee4719 CCCC(C(C)C)C(C)C(=O)OC                               eta   3.1m
[ 468/490] ok   Sd71247ea9c37 CC(=O)CCCC1CCC(=O)C1C                                eta   3.0m
[ 469/490] ok   S42f2c28623a2 CCN(C)S(=O)(=O)CC(C)C                                eta   2.9m
[ 470/490] ok   Sbcc64a73ff0d CCSCC1CC1CC                                          eta   2.7m
[ 471/490] ok   S3411ed878697 CC1CCC2C3CC4CC3CC4C12C                               eta   2.6m
[ 472/490] ok   S80f289dbd05c CCCC(C(C)(C)C)C1(CC)OO1                              eta   2.5m
[ 473/490] ok   S548447e54ea8 CCCCC(C#N)C(F)(F)C(F)F                               eta   2.3m
[ 474/490] ok   S189d47b3f15d CC1CC2C3C(C)(C)CCC23O1                               eta   2.2m
[ 475/490] ok   S8b89dcd229c6 CC1CCC2CC(C)(C1)C1CC21C                              eta   2.0m
[ 476/490] ok   S116ffdaba3f4 CCCCC(C)(C)CCC(C)C#N                                 eta   1.9m
[ 477/490] ok   Sff7833169321 CCC12CC3CCC(C3C)C(C)C1C2                             eta   1.8m
[ 478/490] ok   Sb1b067069f60 CCC(=O)CC1OC(=O)C1C1CC1                              eta   1.6m
[ 479/490] ok   Sf0923465db12 CCCCC(C)OC(=O)OCC                                    eta   1.5m
[ 480/490] ok   S0b95c9bae88a CCCN(CCC(C)C)C(C)C                                   eta   1.4m
[ 481/490] ok   S8d4c296e01a7 CC1C2C3CC4C5CCC1(C54)C32                             eta   1.2m
[ 482/490] ok   Sb6cdeb286aff CC1CCC(F)C1                                          eta   1.1m
[ 483/490] ok   S4bbc75ff2226 COCCC(C(C)C)C(C)C                                    eta   1.0m
[ 484/490] ok   S6500218e7fd1 CCOC(=O)OCOCC(C)Cl                                   eta   0.8m
[ 485/490] ok   Sc049651726c3 CC1C(=O)CCC2(C#N)C(C3CC3)C12                         eta   0.7m
[ 486/490] ok   S6b03c5c2bd1f C#Cc1cc(OC)cs1                                       eta   0.5m
[ 487/490] ok   S1091aa941239 CCCC1C(C)C1C1CC1CC                                   eta   0.4m
[ 488/490] ok   Sd88a8f4d1933 CC1CCC2(CCC(=O)O2)C1(C)C                             eta   0.3m
[ 489/490] ok   Sd415bea370cb CCC1(F)C(C)CC(C)CC1F                                 eta   0.1m
[ 490/490] ok   Sfd23e7eb1b3a CCCCC(=O)C(C)(C)C(C)CC                               eta   0.0m

fetched 484, failed 6, in 66.5 min
failures -> /project/chibueze/stanley/projects/li-na-md/MD/ht2000/index/ff_failures.csv
manifest -> /project/chibueze/stanley/projects/li-na-md/MD/ht2000/index/solvent_manifest.csv
