skipping 7 previously-failed SMILES (use --retry-failed to retry)
490 unique solvents | 3 cached | 480 to fetch
[   1/480] ok   Sfd0a466af374 CCC1(C)CC(COC(C)OC(=O)OC)N(C)C1                      eta  65.3m
[   2/480] ok   S4d121182f128 CCCCCC1CCC(=O)C1                                     eta  58.5m
[   3/480] ok   S09fc67f7c665 CCC(C)C1CC(C)(C)COC(C(C)C)C1=O                       eta  63.0m
[   4/480] ok   S3bde45fdd497 CCC1C(C)CC(C)C(C)(C)CC1C(C)C#N                       eta  64.7m
[   5/480] ok   S578d45ee3bc1 CCCCOCCC(C=O)CS(C)(=O)=O                             eta  61.9m
[   6/480] ok   S149f70cf59a4 CCCC(C)CC(C)C(C=O)C(C)C(C)(C)C                       eta  62.8m
[   7/480] ok   Sce73bf087665 CCC(CC(CC)C(C)C(C)C)OC(C)=O                          eta  63.0m
[   8/480] ok   S437364f757dc CCCC1CCS(=O)(=O)CC(CC#N)C1                           eta  62.6m
[   9/480] ok   S0c74607500d6 CCC1(C)CC2(C)CCC1C2                                  eta  62.2m
[  10/480] ok   S91d57a82e7dd CCCCC1CCC(C(C#N)CC(C)(C)C)C1                         eta  62.4m
[  11/480] ok   S9af7c371782a CCC1(C=O)OC(C=O)CC1CC(C)(C)C                         eta  62.1m
[  12/480] ok   S6b53f3ab931a CCC(C#N)(CC)CCCC(C#N)C(=O)OC                         eta  61.4m
[  13/480] ok   Se0da9584eda9 CCOCS(=O)(=O)C(C)(C)C(C)CCC(C)=O                     eta  61.3m
[  14/480] ok   S2e93d76bbdc1 CCC(CC)CC(C)(CCl)CCCl                                eta  60.8m
[  15/480] ok   S38f2103258d1 CC1(C)CC1(C=O)CCCS(=O)(=O)CC=O                       eta  60.4m
[  16/480] ok   Sbd5e44682758 CCCCCC(=O)CC(C)(CCC(C)CC)C(=O)OC                     eta  60.9m
[  17/480] ok   S3c1d02853ec7 COC1CC2C(C(C)=O)C(C)CCC23CC13                        eta  61.0m
[  18/480] ok   S8191dc4be841 CCN(C)C(C1CCC1C(C)=O)S(=O)(=O)C#N                    eta  60.5m
[  19/480] ok   S5b6c727a6ac6 CCCN(CC)CC(=O)CCC(C)C                                eta  60.0m
[  20/480] ok   Sdc47b2e0bca7 CCC(C)C1(OC(=O)CCC(C)C)CCCC1                         eta  60.3m
[  21/480] ok   S0454e1370027 CCC1CC2OC(=O)C(OC(=O)OC)C2(C)N1C                     eta  60.2m
[  22/480] ok   S4e572984955a CCCC(C#N)(OC(=O)OCC)C(C(C)C)N(C)C                    eta  60.1m
[  23/480] ok   S40ac4410b0a5 CCC(=O)OC1(C)CC1C(=O)S(C)(=O)=O                      eta  59.6m
[  24/480] ok   S1a7c1599fd1d CC(CCCl)CCC1CCCCCC1                                  eta  59.4m
[  25/480] ok   S0e6cfabe9c81 COCC(CC(C)CCCOC(=O)OC)CN(C)C                         eta  59.5m
[  26/480] ok   Sfb96bb5b23ca CCC1CCC2N1S(=O)(=O)CC21COC(=O)O1                     eta  59.4m
[  27/480] ok   Sc9c750aac4df CCCCCC(COC)COC(=O)CF                                 eta  58.9m
[  28/480] ok   S1666b13bf3f9 CCCC(C)C(C(=O)C=O)C(C)C                              eta  58.7m
[  29/480] ok   S8e74b92891f5 CCC(F)CCC(C)(C)CC                                    eta  58.2m
[  30/480] ok   S90f9b380a655 CCCCCC(C#N)C(C=O)C(=O)C(C)=O                         eta  57.7m
[  31/480] ok   S857fe36a28d5 COC1CC(C)(C)C(C(F)(F)F)C1C(C)C=O                     eta  57.5m
[  32/480] ok   S8172cd008716 CC(C)OC1CC(C)C2CCC1C2C=O                             eta  57.5m
[  33/480] ok   S48089322c03a CC(C)N(C)CCC(C)(N(C)C)C1(C)COC(=O)O1                 eta  57.8m
[  34/480] ok   S072e5c4dcc28 CCCC(C)C(C)CC(C)C(C)CCC#N                            eta  57.8m
[  35/480] ok   Sc31c22293b2f CCCC(C)(C)C(C)CCCCC(=O)CCSCC                         eta  58.1m
[  36/480] ok   S70ad40cb0620 CCN(C)C(=O)C(C)C1(C)CCOC(=O)OC1                      eta  57.9m
[  37/480] ok   S26a2fc8feb95 CCCC(CC)CC(C)CCC(C)C1CCCCC1                          eta  58.4m
[  38/480] ok   Sd857cf9d111a CCC(CC=O)CCCC(=O)OC                                  eta  58.0m
[  39/480] ok   Sb025fe525e33 CCS(=O)(=O)CCCCOC(=O)C(C)(C)C                        eta  57.7m
[  40/480] ok   Sce72ab20e928 CC(CC=O)CC(=O)CCC(C)(C)C(C)C#N                       eta  57.6m
[  41/480] ok   S60bb1c5f4506 CCC1(OC)C(C=O)C2(C)OC(=O)OC2C1(C)C                   eta  57.4m
[  42/480] ok   Sbe4fc2eaaf98 COCCC(C)C(CN(C)C)OC(=O)OC(C)CC#N                     eta  57.2m
[  43/480] ok   S7c8f88eda619 CCC1(CCC(C)C#N)OC(=O)CC1C                            eta  57.0m
[  44/480] ok   S50cf822cb53d CCC1C2C(C)CC(CCC(C)C)C(C)C2(C)C1(C)CC                eta  57.5m
[  45/480] ok   S852cb184c10d CCC(C)(C=O)N(C)CCC(C1CO1)N(C)C                       eta  57.5m
[  46/480] ok   S19ffb2b320dd CCC1OC(=O)OC(CCOC)C(C#N)CC1N(C)C                     eta  57.3m
[  47/480] ok   Sc68912eb6b05 CCCC(C)(C)C(CC=O)C(C)C#N                             eta  57.0m
[  48/480] ok   S846bb47dbe89 COCCOCCON1Oc2cccc(C)c2O1                             eta  56.6m
[  49/480] ok   S37cb08ac0e9a CC(C)(C=O)CC(F)F                                     eta  56.1m
[  50/480] ok   S7b887cbfa162 CCC1(C)COC(C)C2CCC21C                                eta  56.0m
[  51/480] ok   S4a18f066766a COCC(C)C1OC(=O)OC(C)(C)CC1=O                         eta  55.8m
[  52/480] ok   S420cbbf4807b CCOC(=O)OCCC(=O)CCCCN(C)C                            eta  55.5m
[  53/480] ok   S3e280128c2cd CSCCCCC(=O)CCCCCC(F)(F)F                             eta  55.2m
[  54/480] ok   S22978393e9a4 CCOC(=O)OC(C)CN(C)CCN(C)C                            eta  55.0m
[  55/480] ok   Seea5f5e86d8d CCC(C)S(=O)(=O)CCCC(=O)CCC(C)=O                      eta  54.8m
[  56/480] ok   S43cd0cdf8984 CCCCCN(C)CCCCCCCCC(C)C                               eta  54.8m
[  57/480] ok   S711acdd9acc8 CCC1COC(=O)OC(C)C(C(C)CCN(C)C)C1                     eta  54.8m
[  58/480] ok   S61365f39b061 CC12CCCC3CCCC4(CC1C4)C32                             eta  54.9m
[  59/480] FAIL Scef53bb774b4 CCCCCCCC1COB(CC)O1                                   eta  58.6m  Sorry, an error has been detected in your input data (file, smile or selected ch
[  60/480] ok   S12b3728a58b2 CC1CC2CCC(C2)C1C(C)(F)F                              eta  58.4m
[  61/480] ok   S1ee861242b09 CCCC1C(=O)C2C3CC(CC3C#N)C12C                         eta  58.3m
[  62/480] ok   S2fbee8a903df CCCC1(C(C#N)S(=O)(=O)CC)C(C)C1C                      eta  58.1m
[  63/480] ok   Sf9754bf36591 CCCCC(CC#N)C1C(C)CCC(C)C1C                           eta  58.0m
[  64/480] ok   S06a579c21968 CCCCC(=O)CC1CCC(C)(C)C1=O                            eta  57.8m
[  65/480] ok   Sb8c5e28da3ee CCCCC(CC)CCCC(=O)C(C)(C)CC                           eta  57.8m
[  66/480] ok   Sa89505ccf579 CCC1CC(CC)S(=O)(=O)CC(C)C1CCC=O                      eta  57.6m
[  67/480] ok   Sd4354a9dc154 CCCCOC(=O)OCC(C)C1CCN(C)CC1                          eta  57.4m
[  68/480] ok   S3ecfa3c547f8 CCCC(CC)(OC)C(C=O)CCC(C=O)CC                         eta  57.4m
[  69/480] ok   S51fdc7917845 CC1CCCC12CC(C=O)C1CC(C=O)CC12                        eta  57.3m
[  70/480] ok   Sa78de85f5c0f CCCC1CCC2(CC#N)C(CC=O)CC12                           eta  57.2m
[  71/480] ok   S5a36f05f333f CCCCCCC(CC)C(C#N)CC(C)C                              eta  57.1m
[  72/480] ok   Sbfe401538ead CCC(CC(C)C1C(C)C(CC)C1C)C1CC(C)C1C                   eta  57.2m
[  73/480] ok   S7ed992e6ceee CC1(C#N)CC2C3OC(=O)OC3(C)C21C                        eta  57.0m
[  74/480] ok   Scbccf3746152 COC12CCC3(C1)C(C)C3C2C                               eta  56.8m
[  75/480] ok   Sb8643fc36f62 C1CCCC2CC2CCC1                                       eta  56.5m
[  76/480] ok   S591adb7773c4 COC(=O)CCC(C)CC(=O)Cl                                eta  56.1m
[  77/480] ok   Sf9bda2ead3b8 CC(=O)CC(=O)OCC(C)(C)C(C)C(C)=O                      eta  55.8m
[  78/480] ok   S58649c680802 CC(C)CCCC(C)CCC1CCCC(C)C1                            eta  55.8m
[  79/480] ok   S3ab42cdef0ba CCCCCCC(CC)C(CC)CC(C)C                               eta  55.7m
[  80/480] ok   S7e9f4b3ca549 CCCCOC(=O)OCCCC(C)(OC)C(C)C                          eta  55.5m
[  81/480] ok   S7b2140b4f50b CCC1CCCC(=O)C(C(C)(C)C)CS1(=O)=O                     eta  55.5m
[  82/480] ok   S66d4718a3d7e C#Cc1cc(N(C)C)c[nH]1                                 eta  55.1m
[  83/480] ok   S309a3affb5e6 CC(CC=O)C(C=O)N(C)CS(=O)(=O)C1CC1C                   eta  54.9m
[  84/480] ok   S63cce3765981 CCCC1CCC(CCC)(OC(C)=O)CC1                            eta  54.7m
[  85/480] ok   S3295ed3561bb CCCCC(C#N)(CS(C)(=O)=O)C1CC(=O)C1                    eta  54.5m
[  86/480] ok   S2f31d0c67bc4 CCCCC(C)CCC(C)OC(=O)OCCN(C)C                         eta  54.4m
[  87/480] ok   S03316bf63e99 CCC1CCC1OC(=O)OC(C)(CC)CN(C)C                        eta  54.2m
[  88/480] ok   S6fefb6dae135 CC(C=O)CCOC(=O)OC1CCCC(C)C1                          eta  54.0m
[  89/480] ok   S29e94e84ce3e CC(CCCN(C)C)COC(=O)OCCN(C)C=O                        eta  53.9m
[  90/480] ok   S52887f0adf7a CCC(C=O)(CCCCC(C)C)CS(C)(=O)=O                       eta  53.8m
[  91/480] ok   Sba5c4f25dede CCCCC(CC)C(CCCCCC(C)CC)N(C)C                         eta  53.7m
[  92/480] ok   S27064730130b CCCCCCCCC(C)C(C)CCCCC                                eta  53.6m
[  93/480] ok   Scb630b890295 CC1CCOCCCC2(C)CC1COC(=O)O2                           eta  53.5m
[  94/480] ok   Sdca2ed669b18 CCCC(C(=O)C(CC)CC(C)C)C(C)C=O                        eta  53.3m
[  95/480] ok   S7d3f634340a7 CCCC(CC)C(CC(C)C1CCCCC1)C(=O)OC                      eta  53.3m
[  96/480] ok   Se0d7f2a7c36b CCC(=O)CCC1CC2CC1CC1CC21                             eta  53.1m
[  97/480] ok   Sfdaf711d8b8c CCCC(C#N)C(C)CCC(CC)CC=O                             eta  53.0m
[  98/480] ok   Sf626e91fce02 CCCCC(C)CCCC(C)C(C)C(C)CC(C)C                        eta  52.9m
[  99/480] ok   S148064ef156b CC(C)CC(=O)OCCS(C)(=O)=O                             eta  52.6m
[ 100/480] ok   S2c78c6639672 CCC1C(C#N)C2C(C)CCC2C1(CC)CC                         eta  52.6m
[ 101/480] ok   S6ed3a499111c CCCC(C#N)CC1C2CCC1C(C)(C)C2C                         eta  52.5m
[ 102/480] ok   S0c1025daf0d4 CCOC1(CCC(C)(C=O)CC)COC(=O)O1                        eta  52.3m
[ 103/480] ok   Sfe02eb0976f6 CCCCCCCC(=O)C(=O)C(C)C(C)CC                          eta  52.1m
[ 104/480] ok   S635442cbe677 CCCC(CC)OC(C)=O                                      eta  51.8m
[ 105/480] ok   S3df930ba482e CCCC(CC)C(=O)CC(C)CCOC(C)C                           eta  51.6m
[ 106/480] ok   Sb24e78ac5f10 COC(=O)OC1CCCCC1CC1CN1C                              eta  51.5m
[ 107/480] ok   S9b7f60041fed COCC1CCC(CCC=O)C(CCC(C)C)C1                          eta  51.3m
[ 108/480] ok   S164874147e25 CC(=O)OCCC(CC(C)C)C1CC1(C)C                          eta  51.2m
[ 109/480] ok   S1e7a94a33521 CCC(CC)C(C)(C=O)OC(C)C(C)(C)C=O                      eta  51.0m
[ 110/480] ok   S085c9e530cac CC(=O)CC1(C)C(=O)CCC(C=O)C1C                         eta  50.8m
[ 111/480] ok   S1f8d06ec0168 CC1(CCC2CCCC3C(F)(F)CCCC23C)CCCC1                    eta  50.9m
[ 112/480] ok   S9fcb4322d1e7 CCC(=O)OCCC1(CC)CCC(=O)O1                            eta  50.6m
[ 113/480] ok   Sbb323670b78e CCCCCC(=O)CCC(=O)CCOC(C)=O                           eta  50.4m
[ 114/480] ok   Scf1643ef0b24 COC1(C)C(C#N)COC(=O)OCC1N(C)CC=O                     eta  50.2m
[ 115/480] ok   Sb61d3a4babeb CCC(OC(=O)OC(C)(C)CC)C(C)(C)C                        eta  50.0m
[ 116/480] ok   S18c025fbe8eb COC(C)C(C)C(C=O)C1CCC(C)(C)C1C=O                     eta  49.9m
[ 117/480] ok   Sa4086059f609 CCC1(C)CC(=O)C(C)(C(=O)CCCC=O)C1                     eta  49.8m
[ 118/480] ok   S4946c9a33a4a CC1CC2(C)CCC1S(=O)(=O)C(C)C2(C)C                     eta  49.7m
[ 119/480] ok   S033196d1e810 CCC(C)CCS(=O)(=O)CC(=O)S(=O)(=O)CC                   eta  49.5m
[ 120/480] ok   Se781180f93f5 CCCC1(C)C(C)C(C)CC(CC)C1C(C)=O                       eta  49.4m
[ 121/480] ok   S540b5e95408e COC(=O)OCCS(=O)(=O)OC(F)(F)F                         eta  49.1m
[ 122/480] ok   S7dc3cdb2af32 CC(=O)CCCC(C)(C)C1CCCCC1                             eta  48.9m
[ 123/480] ok   Sb78656bcaa1c CC1OC(=O)CC1CC(C)S(=O)(=O)S(C)(=O)=O                 eta  48.7m
[ 124/480] ok   S027043907df8 CC12C(CCCC1S(C)(=O)=O)C2OC(=O)C#N                    eta  48.5m
[ 125/480] ok   S5d1b36d7fcce CCCCC(C=O)(CC=O)C(C)(C#N)CC=O                        eta  48.4m
[ 126/480] ok   Sb1046a3b9344 COCCN(C)C(C)CC(C)OC(=O)OCCC=O                        eta  48.2m
[ 127/480] ok   S01695cf4cd16 CCCC(C)CCC(C)(S(C)(=O)=O)S(C)(=O)=O                  eta  48.0m
[ 128/480] ok   S3b45f112bfcc CCSC(C)CC(C)CCC(C)CC(=O)OC                           eta  47.9m
[ 129/480] ok   S5c741be7fa30 CC(C)(C)CCCCC(=O)OCCS(C)(=O)=O                       eta  47.7m
[ 130/480] ok   Sa4dfd4dbf869 CCCCC(C)CC(C)OCC                                     eta  47.5m
[ 131/480] ok   S8817116d0b49 COCCOC(=O)OC(C)C(C)CCS(C)(=O)=O                      eta  47.3m
[ 132/480] ok   S1139d5444615 COC(=O)C(CCC(C)C(C)C(=O)OC(C)(C)C)C(C)C              eta  47.2m
[ 133/480] ok   S4395a53d9e29 COC(C)(C)CC(C)C1CN(C)CC12COC(=O)O2                   eta  47.1m
[ 134/480] ok   S8392c696aaff CC(C)C1OCCCOC(=O)OCC1=O                              eta  47.0m
[ 135/480] ok   Se70ef989300b CC1COCC(N(C)C)C(C)(C2CCOC(=O)O2)C1                   eta  46.9m
[ 136/480] ok   Sa2419a243691 COC(=O)C(C)C1C(C)C(C)(C)C1(C#N)N(C)C                 eta  46.8m
[ 137/480] ok   S9aa9d659f704 CCCCC(CC)S(=O)(=O)C1CCC(C)CC1                        eta  46.7m
[ 138/480] ok   S3bd299325b0d CCC1C2CC(C)C(CO2)C1CC                                eta  46.5m
[ 139/480] ok   S12b1944d7ffc CCC1CC(CCCS(=O)(=O)CC)S(=O)(=O)C1                    eta  46.4m
[ 140/480] ok   S78c5ce015779 CCCCC(C)C(C)(C)C1CCS(=O)(=O)C(C)C1C                  eta  46.3m
[ 141/480] ok   S3363c4053fc0 CCC(C)C(C)C1C2CC(=O)CC21C(=O)OC                      eta  46.1m
[ 142/480] ok   S14534cff3884 CC(=O)CC(C(C)(C)CC1CN1C)S(C)(=O)=O                   eta  46.0m
[ 143/480] ok   S62410ece7ea6 CCCCC(=O)OCCC(=O)OC(C)(CCC)CC(C)C                    eta  45.9m
[ 144/480] ok   Se4814c9c5b81 CCCCC(C)CC(C)(CC)CCC(=O)OC                           eta  45.7m
[ 145/480] ok   S1368a66865b6 CCCC(C)C1C2COC(C)C(C2)C1C                            eta  45.7m
[ 146/480] ok   Se4332f6228be CCC(C)(C)CCC1CC(C)(C)C(C)C1=O                        eta  45.6m
[ 147/480] ok   Sac95e3ed5026 CC(C)OC(=O)OCCC1CN(C)C1C=O                           eta  45.4m
[ 148/480] ok   S95a562b0907f CC(CCN(C)C(C)C)OC(=O)OC(C)(C)C                       eta  45.2m
[ 149/480] ok   S05a9f3790e29 CCOCC(C)C(=O)C(OC(=O)OC)C(=O)OC                      eta  45.0m
[ 150/480] ok   Sa75587538e4f CCN(C)C1COC(=O)OC(C(C)(C)C)C1N(C)C                   eta  44.9m
[ 151/480] ok   Sfa256f99ac5d CCC1C(C=O)C(C)(C)C(C(=O)OC)C1(C)CC                   eta  44.8m
[ 152/480] ok   S12daea151e54 CCCC(C(C)C=O)C(C)(C)OC(C)=O                          eta  44.6m
[ 153/480] ok   S035f3db3678b CCCC(C)(C)C1CC(C)CC(C)(C)C(CC)C1C                    eta  44.5m
[ 154/480] ok   S8b7ff0e5085a CCCCCCC(OC(C)=O)C(C)COC(C)=O                         eta  44.4m
[ 155/480] ok   Sa2ccd91764d2 CC(C)CC1C2CCCC3CS(=O)(=O)C1C32C                      eta  44.3m
[ 156/480] ok   See155691dfe5 CCC1CCC(C)C(C)(C)C1C(C)(C)CC=O                       eta  44.2m
[ 157/480] ok   Scb3aa79307b6 CCCC1OC(=O)OCC1C(C)C(CC)COC                          eta  44.1m
[ 158/480] ok   Sade1a911de14 CCC1(C=O)OC(CCC=O)CC(C)C1C=O                         eta  43.9m
[ 159/480] ok   S1e955c5e0476 CCCC(C)CCCCC(C)CCC#N                                 eta  43.7m
[ 160/480] ok   Se03cf9e0e08c CCCC(C#N)(CCC)C1CCCCCC1                              eta  43.6m
[ 161/480] ok   Sd36e1db91e8c CC(C)C(C#N)C1CCCC(=O)C1S(C)(=O)=O                    eta  43.5m
[ 162/480] ok   Sbea7e6ae8d0f CCCOC(=O)OC(CC)CC(OC)C(C)CC                          eta  43.3m
[ 163/480] ok   S1e8cb273281e CCC12C(C)CC3C(=O)C(CC(=O)S3(=O)=O)C1C2C              eta  43.3m
[ 164/480] ok   S4492ccd935ab CCCS(=O)(=O)C1CCC2(CCC(=O)O2)C1                      eta  43.1m
[ 165/480] ok   S40e7ca26cf66 CC1OCC2C(C)C3C(=O)C(C)(C1=O)C23                      eta  43.0m
[ 166/480] ok   Sfe4b01252a04 COC(CC1C(C)(C)CCS1(=O)=O)S(=O)(=O)OC                 eta  42.8m
[ 167/480] ok   Sb874c14d50ff CCOC(=O)OC(C)C(C)(C#N)CC                             eta  42.6m
[ 168/480] ok   Sbc7cd33e67d8 CCOC(C)(C)CS(=O)(=O)CCCC(C)=O                        eta  42.4m
[ 169/480] ok   S05d73dfb3bcc CCOC(=O)OCC(C)(CC=O)CC(C)COC                         eta  42.3m
[ 170/480] ok   S6072f9c3fab9 CCCCCCCCC(C#N)(CC)CCC(C)C                            eta  42.2m
[ 171/480] ok   Sb3e6a9dbadc2 CCCN(C)C(C)C1OC(=O)OC(C)C(=O)C1OC                    eta  42.0m
[ 172/480] ok   Sa479d9f26005 CCCCC(C=O)CC(C)(C)CCC(=O)CC                          eta  41.9m
[ 173/480] ok   Scf089567051a CC(=O)C1(C#N)C(C(C)(C)C)C1S(=O)(=O)C=O               eta  41.7m
[ 174/480] ok   S60fb219c1a20 CCCCCC(CC)C(C)CC(=O)Cl                               eta  41.5m
[ 175/480] ok   Sc1ed44ab06c2 CC1CC1C1(S(=O)(=O)CCC#N)CCCC1                        eta  41.4m
[ 176/480] ok   Sbcc6effbc663 CCCCC1C(CCC)C(C)(C)C(OC)S1(=O)=O                     eta  41.3m
[ 177/480] ok   Sb6ca2665ad8e CCCCC(C)(C)C1CC(CCC)(N(C)C)CC1C                      eta  41.2m
[ 178/480] ok   Se66f531db71d CCC1CC(OC2(C)CS(=O)(=O)CC2=O)C1                      eta  41.0m
[ 179/480] ok   Sd03648a81f1b CCC(CCC(C)C)CC(C)(C)CC                               eta  40.9m
[ 180/480] ok   S4d218362c5fc CCCCC(C)C(=O)OCC(C)(OOC)OOC                          eta  40.8m
[ 181/480] ok   S561585ae44ef CC12CCCC1C(=O)CCC1CCCCCCCC1CC2                       eta  40.7m
[ 182/480] ok   S5eda363bfd1b COS(=O)(=O)C1C(C)OC(=O)OC1C(C)C                      eta  40.5m
[ 183/480] ok   Sef579b275192 CCCOC(=O)OCCCC(C)OC                                  eta  40.3m
[ 184/480] ok   Sbee178c93f74 CCCCC(C)C1CC(C)C(C2CCC(C)CC2)C1                      eta  40.3m
[ 185/480] ok   S029fa197eea2 CCC(C)(CC)CCC1(C(=O)OC)CCS(=O)(=O)C1                 eta  40.1m
[ 186/480] ok   S2e9ace2ba06a CCN(C)CCCCCOCCOC(=O)OC                               eta  40.0m
[ 187/480] ok   Sde93c74b2fa0 CCC(CC#N)CCC(C)CC(C)CC=O                             eta  39.8m
[ 188/480] ok   Sb754256416e6 CCCC(C)C(OC)C(=O)C(C)(CC)CCC(C)C                     eta  39.7m
[ 189/480] ok   S2ed5b4f9abcc CCC(=O)C(C)CCCCC(C)=O                                eta  39.5m
[ 190/480] ok   S617943b16a4d CCC(C)OC(=O)OC(C)CCC(C)C(C)OC                        eta  39.4m
[ 191/480] ok   S189dbbf34018 CCCCC(CC#N)S(=O)(=O)C(CC)CC                          eta  39.2m
[ 192/480] ok   S0835a16d71a4 CC(=O)C(C)CC(C=O)OC(=O)C(C)C(C)C                     eta  39.1m
[ 193/480] ok   S9352dafa64d2 CCC1OCC(OC(=O)OC)C(CC#N)C1N(C)C                      eta  38.9m
[ 194/480] ok   S9a454d7beefc CC(C)C1CCCS(=O)(=O)C1C(C)C#N                         eta  38.8m
[ 195/480] ok   S1a844d3987d8 CCCC1CC2CC3(C)C(C)CC1C23C                            eta  38.7m
[ 196/480] ok   S3316b26d49ce CCC1(CC2(C)COC(=O)C2C#N)CCCC1                        eta  38.6m
[ 197/480] ok   S304fb40838fc CCCCC(C)C1CCCCCCCCCCC1                               eta  38.5m
[ 198/480] ok   Sc6285851473a CCC(C)(CC)CC(C)CCCCC(C)=O                            eta  38.4m
[ 199/480] ok   S9094454281d9 CCCC1(OCC(F)(F)F)CCOC(=O)OC1                         eta  38.2m
[ 200/480] ok   S695f1d053836 CC(C)C(C)CCC(C)(C)C(C(C)C)N(C)C(C)(C)C               eta  38.1m
[ 201/480] ok   S3f2b7912607f CCCC(=O)CCS(=O)(=O)CCC                               eta  37.9m
[ 202/480] ok   Secf06caf2a8a COC(=O)OC(C#N)CC(C)N(C)S(C)(=O)=O                    eta  37.8m
[ 203/480] ok   S4653b4ad937b CCC(=O)CCC(C)(C)C(C)C(C)(C)C                         eta  37.6m
[ 204/480] ok   S5bed7072f91d CCCCCC(CC)CCCCC(=O)CCCC                              eta  37.5m
[ 205/480] ok   S6939e9f42f52 CCN(C)CC(C)C(C)OC(=O)COC(=O)OC                       eta  37.3m
[ 206/480] ok   Scb0efff81a5f CCCCCCCCS(=O)(=O)SC                                  eta  37.2m
[ 207/480] ok   Scc614101a897 CCC(C)CCC(C)(CC(C)C)CS(C)(=O)=O                      eta  37.1m
[ 208/480] ok   S2df7d12843c3 CCCC(C(C)C)C1CCC(C)CCCC1C                            eta  36.9m
[ 209/480] ok   Sebc1afcf72db CCC12OC(=O)OC1(C)CCCN(C)C2COC                        eta  36.8m
[ 210/480] ok   Sc20ddf024045 CCC(=O)C1(CC(C)C)CCSCC1                              eta  36.7m
[ 211/480] ok   S10b243b5f3a7 CCCCCCCC(C)(C)C(=O)C(C)(C)C                          eta  36.5m
[ 212/480] ok   Sf9ff88d70a35 CCC(N(C)CC)C1(C)CC(CC(C)C)CC1=O                      eta  36.4m
[ 213/480] ok   Sd0e15e796d96 COC(=O)CC1CC1N(C)C(=O)C1CC(C)C(C)C(C)C1              eta  36.3m
[ 214/480] ok   S0e87f28c8e71 CCCCC(CC(C#N)C(C)(C)S(C)(=O)=O)OC                    eta  36.2m
[ 215/480] ok   Sa63d44012a70 CCCC(C)C(=O)C(C)C(C#N)CCC                            eta  36.0m
[ 216/480] ok   S2412e389b788 CCC(=O)CCC(=O)CCCCC(C)CC#N                           eta  35.9m
[ 217/480] ok   S6c45383c797e CCCC(F)(CC)CCC#N                                     eta  35.7m
[ 218/480] ok   Se31d534b80bf CCCCC1C(C)C(C)C(C2CCCC2)C1C                          eta  35.6m
[ 219/480] ok   S19a8ece1ce22 CCC(=O)C1CC1CCC(C)C(C)COC                            eta  35.4m
[ 220/480] ok   S70d3e52a55ed CCC(C)C1CC2CCC(C2)C2CCC1(C)C2                        eta  35.4m
[ 221/480] ok   Sfb5d4f1c9c06 CCC(=O)OC1OC(=O)CC1C(C)C(C)(C)C                      eta  35.2m
[ 222/480] ok   Sa0f2cf4fb8f4 CC(C)C(C)CC(C#N)CC(C)(C)C(C)C=O                      eta  35.1m
[ 223/480] ok   Sccd9d6eafa3a CCCCCC(=O)C(C)CC(C=O)C(F)(F)F                        eta  34.9m
[ 224/480] ok   S593ab825ee16 CC1CC(=O)C(C=O)C1C(C)(C)CC=O                         eta  34.8m
[ 225/480] ok   Sb49ba2ee72bf CCC(C#N)(CC=O)CC(C)CC(C)CC=O                         eta  34.6m
[ 226/480] ok   Sdcf66a745fc2 CCC1CCC(S(=O)(=O)OC)C1                               eta  34.5m
[ 227/480] ok   S42be586ac666 CCOC(=O)CCP(C)(=O)CC                                 eta  34.3m
[ 228/480] ok   S5b9c606103d7 CC(C)CC1CC2CCC1C2OC(=O)C(C)(C)CC(C)(C)C              eta  34.2m
[ 229/480] ok   Sd7f70c17c223 CCCCC(CC)CCCC(C)CCC                                  eta  34.1m
[ 230/480] ok   Scadf02997fb4 CCCC(CC)CC(C)CC(C)C1CCC(C#N)CC1                      eta  34.0m
[ 231/480] ok   S94b588edad6b CCOC(=O)OCCC(=O)C(C)C(C=O)CC                         eta  33.8m
[ 232/480] ok   S00e72ce35ed6 CC1CC2CC(C)(C1)CC(C)(C(=O)OC1CCCC1)C2                eta  33.7m
[ 233/480] ok   Sac0617495b4c CCCC(CC)CC(C=O)(C(=O)OC)C(C)CC                       eta  33.6m
[ 234/480] ok   Sf62e3b87f045 CC1CC(C#N)(C(CC2(C)CC2)C2CC2)C1                      eta  33.4m
[ 235/480] ok   Sfcc713ff4866 CCCC(C)(C)C(=O)C(C=O)C(C)CCOC                        eta  33.3m
[ 236/480] ok   Sd15c1bebdf6b CCCC(C)OC(=O)OC(C)(C)CCCN(C)C                        eta  33.1m
[ 237/480] ok   Seea5e0539166 CCCC(CCC)S(=O)CC(CC)CC(=O)OC                         eta  33.0m
[ 238/480] ok   S554b58cc0b57 CCC12CC1CC(C1(C)CCCC1(C)C#N)C2                       eta  32.9m
[ 239/480] ok   Sd7855f7e9751 CCCC(C)(C(C)C)C1CC(CC)CC1CN(C)C                      eta  32.8m
[ 240/480] ok   Sf2c7e81d3728 CCC(N(C)C)C1(C)C2OC(=O)OCC2(C#N)CN1C                 eta  32.7m
[ 241/480] ok   S4212af8fc427 CC(OC(=O)OCC#N)C1C(C)N(C)CC1(C)N(C)C                 eta  32.5m
[ 242/480] ok   S9f84429bb679 CCC1C(C)CC2C3CC(C)(CS(=O)(=O)C3)C12                  eta  32.4m
[ 243/480] ok   S730f87954454 CC(=O)CCCC(C=O)C(C#N)C(C)C(C)=O                      eta  32.2m
[ 244/480] ok   Sdbac083a6071 CCCCC(C)(CCCS(=O)(=O)C(C)C#N)OC                      eta  32.1m
[ 245/480] ok   Sebf54d3acd6e CCCC(C)C12CCCC1(CCC)CC(C)C2                          eta  32.0m
[ 246/480] ok   Sa97107690fba COC(=O)OC1(C)C2CCCCC2OC12CC2                         eta  31.9m
[ 247/480] ok   Sca612b6a95c7 CC1OC(=O)OC(C)(C)C1C(=O)C(C)(C)C#N                   eta  31.7m
[ 248/480] ok   Sa3991ab76b8d CCC1CC(C)(C=O)CC1C1CC(C#N)C1                         eta  31.6m
[ 249/480] ok   Sb246e0e63139 CCCS(=O)(=O)CCC(C)C(C)C#N                            eta  31.4m
[ 250/480] ok   S5ad5bd8bf704 CC(=O)C1=C(C(=O)O)SC=CC1                             eta  31.2m
[ 251/480] ok   Sb19b023b4d29 COCC(C)C(=O)C1(C)CN(C)C(C)COC(=O)O1                  eta  31.1m
[ 252/480] ok   S8c78ca996c15 CCC(C#N)CCCC(C)C(C)CC(C)=O                           eta  30.9m
[ 253/480] ok   S9d49517e9671 CCC1(C)OC(=O)OC(C(C)C(C)CN(C)C)C1OC                  eta  30.8m
[ 254/480] ok   Scfedbdfbc6cd CCCC(C)CC(C)C(C)(C=O)C(C)C=O                         eta  30.7m
[ 255/480] ok   S3bf8fdf3dab9 CCCC(C)C(CCC(F)(F)F)C(=O)OC                          eta  30.5m
[ 256/480] ok   S3e08aa446008 CCC(CC)CC1(C)CC(C)CC(C)S1(=O)=O                      eta  30.4m
[ 257/480] ok   S935bacce2aa4 CCCCCC(CCC)OC(=O)CC                                  eta  30.3m
[ 258/480] ok   Se6123b78a51b COS(=O)(=O)CN(C)CCCCCCC(C)(C)C                       eta  30.1m
[ 259/480] ok   S02d7a5e3ea26 COC(=O)C(Cl)(CCCCl)C(C)C                             eta  30.0m
[ 260/480] ok   S7e6418a93ade COCC(C)CC(C#N)C(CN(C)C)OC(=O)OC                      eta  29.8m
[ 261/480] ok   Se60486b48c70 OC1=C(Cl)SC=CS1                                      eta  29.6m
[ 262/480] ok   S136a768b12b7 CCCCCC(CCC)S(=O)(=O)CCC=O                            eta  29.5m
[ 263/480] ok   Sc39c2f041032 COCCOC1=CN(C)C(C(C)=O)=CC1=C1C=CN(C)C=C1             eta  29.4m
[ 264/480] ok   S1491e0e7154e CCN(C)C12CC(C)C(CC1C)C2C                             eta  29.2m
[ 265/480] ok   Safbb723337ce CCC1C(C=O)C1OCS(=O)(=O)CS(=O)(=O)OC                  eta  29.1m
[ 266/480] ok   S81dee9ee6f14 CC1CCC(CS(=O)Cl)(C(=O)Cl)C1                          eta  28.9m
[ 267/480] ok   S33d64ace992a CC(=O)CCOC(C)COC(C)CCC=O                             eta  28.8m
[ 268/480] ok   S9b56ab235bac CCC1(C#N)CCC(CC(C)C)C(C=O)C1C                        eta  28.6m
[ 269/480] ok   Sf86ddecb9d11 CC(=O)N(C)C1COC(=O)OC(C)C1C=O                        eta  28.5m
[ 270/480] ok   Sfd2af89a0424 CCC(=O)C(CC(=O)OC)C(=O)C(C)C(F)(F)F                  eta  28.3m
[ 271/480] ok   S978da91558b0 CCCS(=O)(=O)C(CC)(CC#N)C(C)C                         eta  28.2m
[ 272/480] ok   Sa7934524de44 CCCC(C)(C=O)CN1CCC12CC2                              eta  28.0m
[ 273/480] ok   S7fb1b70fead7 CCCC(C)CC(C)C(SC1CCCC(C)C1)C(C)C                     eta  27.9m
[ 274/480] ok   S5fb2c07ca4af CCC(CC)C(C(C)=O)C1CC2CC(C)C1C2                       eta  27.8m
[ 275/480] ok   Saa264d21310f COC(=O)C(C)C(C)OC(=O)CC(C)(C#N)OC                    eta  27.7m
[ 276/480] FAIL Sbe84d86c7cce CCC1CCC(B(OC)OC)C1                                   eta  27.9m  Sorry, an error has been detected in your input data (file, smile or selected ch
[ 277/480] ok   S8c79a92eda2c CC1C2C3(C)COC(=O)OC23C(C)N1C                         eta  27.7m
[ 278/480] ok   S9fed0c758fb0 CN1CC(CS(C)(=O)=O)C(C)(C2CC2)C(C)(C)C1               eta  27.6m
[ 279/480] ok   Sa363601528ea CCC1OC(=O)OC(CN(C)CC)C(OC)C1CC                       eta  27.5m
[ 280/480] ok   S839e7e47d2e3 CCCC(C)CCCC1CCC(C#N)CC1                              eta  27.3m
[ 281/480] ok   S0c0344a893ae CC1CCC2C(=O)C(C)(C)CCC12C                            eta  27.2m
[ 282/480] ok   Sb3b6fa30c7b9 CCC(C1CCCC1C(C)OC)S(=O)(=O)CC                        eta  27.1m
[ 283/480] ok   S53b3f4555360 COC(=O)OCCC(C#N)CC(C)N(C)C                           eta  26.9m
[ 284/480] ok   S053bd9b1b422 CCCCCCCCC(CCl)CCCC                                   eta  26.8m
[ 285/480] ok   S7297f602922b CCCCCCCC(CC(C)C)CS(C)(=O)=O                          eta  26.6m
[ 286/480] ok   Sdcdb3d5434b5 CC(=O)C1C(=O)OCCC1C(C)S(C)(=O)=O                     eta  26.5m
[ 287/480] ok   S20594cb623f4 CC(=O)C(OC(C)(C)C#N)C(C)CS(C)(=O)=O                  eta  26.3m
[ 288/480] ok   Sf700f4684b5c CCCCC(CCC#N)C(CC)C(=O)C(C)C                          eta  26.2m
[ 289/480] ok   S98f59366e72a COC(=O)OC(C=O)C(C)(C)OC(C)C(=O)OC                    eta  26.0m
[ 290/480] ok   S9f040ca8d780 CCCCCCC(=O)OC(CC)C(=O)CC                             eta  25.9m
[ 291/480] ok   S245bd71d89a0 COC(C)CCC(C)OC(=O)OCCC(C)=O                          eta  25.7m
[ 292/480] ok   S6927741adb95 CCC(CC)CCC(C)CCCOC(C)C                               eta  25.6m
[ 293/480] ok   S09fafa533dc2 COC(=O)CC1OC(=O)C2CCCC12                             eta  25.4m
[ 294/480] ok   Sea19d0edb0e6 CN(C)CC12CCC(C3OC(=O)OC31)C2(C)N(C)C                 eta  25.3m
[ 295/480] ok   S26d178d0c446 CCCC(OC)C(CC=O)(COC)CC(=O)C(C)OC                     eta  25.2m
[ 296/480] ok   S17fa20515d4b CC(CC=O)CCCC(C)CC(C)C(C)C=O                          eta  25.0m
[ 297/480] ok   S2dbd6b5d67dd CCCOC(=O)C(C)CCCOC(C)=O                              eta  24.9m
[ 298/480] ok   Sf1b2cd28dde9 CCCCCCOC(=O)CCCCC(CC)CC(=O)OC                        eta  24.7m
[ 299/480] ok   Scae8a03eede6 CCCCCC(=O)CCC(CC)C(C)CCC(C)C                         eta  24.6m
[ 300/480] ok   Sb9698c2e7159 CCCP(C)(=O)OC1CC(CC)C1(C)C                           eta  24.5m
[ 301/480] ok   S1f8d4086267d COCCOCCOCCOc1cc(C)c2c(c1)ONO2                        eta  24.3m
[ 302/480] ok   S5fea6ece88a9 COC(=O)C(C)(C)C(C)C(C)C(C)C                          eta  24.2m
[ 303/480] ok   S01c9c5f74f6d CN1CC(C)(OC(=O)OC2CCOC2)CS1(=O)=O                    eta  24.0m
[ 304/480] ok   S06b8ddec8163 CC1CCC(OC2C3OC(=O)OC32)CC1                           eta  23.9m
[ 305/480] ok   S5f988abf4634 CCCC(CCC(COC(=O)OC)N(C)C)CN(C)C                      eta  23.8m
[ 306/480] ok   Sec0d4427583f CCCC(C)(CCCCOC)COC(=O)OC                             eta  23.6m
[ 307/480] ok   S1eefd03191c4 CCCCC(COC(C)=O)C12CC3CC(CC(C3)C1)C2                  eta  23.5m
[ 308/480] ok   S26c8473f60fd CCCOC(=O)OC(CC)CCC(C)C                               eta  23.4m
[ 309/480] ok   S6249c667ed82 CCCC1CCC(C(C)CCC2CCC(Cl)CC2)CC1                      eta  23.2m
[ 310/480] ok   S98070285441a CCCCCC(CCCC)CS(=O)(=O)C(C#N)C#N                      eta  23.1m
[ 311/480] ok   S5860de679f07 COC(=O)C(C)CC(C)CCC(C)C(C)C                          eta  23.0m
[ 312/480] ok   S8bd44e80e334 CCC(C#N)CC(=O)CC(=O)C(C)C=O                          eta  22.8m
[ 313/480] ok   S8306663c60da CC(CCN(C)C)OC(=O)OC1CCCC1N(C)C                       eta  22.7m
[ 314/480] ok   Sa9454bc71e7d CCCOC(=O)OCCC(C=O)N(C)C(=O)CC                        eta  22.5m
[ 315/480] ok   S76f57e636f24 CCCC(C)OC(=O)OCCC(C)C(=O)CC                          eta  22.4m
[ 316/480] ok   S69d751fdde88 CCCCC1(C)CC(C)(COC)OO1                               eta  22.2m
[ 317/480] ok   Sd7c3d8bd08ed CCC1OC(C)C12OC(=O)OC2(C)C                            eta  22.1m
[ 318/480] ok   Sabce151a7eef CCCS(=O)(=O)C1CCC(C2CCC(C)C2)C1                      eta  22.0m
[ 319/480] ok   S0aa74c8d91b4 CC12CC3CCC(C1)C(C2)C3=O                              eta  21.8m
[ 320/480] ok   Sb9c99470abd5 CC(COC(=O)OCCN(C)C)CC(C)C(C)C                        eta  21.7m
[ 321/480] ok   S14d0cc4dcf8f CCSCC(C)CC                                           eta  21.5m
[ 322/480] ok   Sc5e751b0be4b CN(C)C1(CCF)SCCCS1                                   eta  21.4m
[ 323/480] ok   Sb1f1e603c300 CCC(=O)CCC1C(CC)C1C(C)(C)COC                         eta  21.2m
[ 324/480] ok   S8db88d6d0b6d CCC(C=O)CCC(C)(C)CC(C=O)CC#N                         eta  21.1m
[ 325/480] ok   Sf82272ec362f CCS(=O)(=O)C(C)CCC(C)C(C)(C)C                        eta  21.0m
[ 326/480] ok   Sb3cacb8e76cb CCC(CN(C)C(=O)C(C)CCOC(=O)OC)N(C)C                   eta  20.8m
[ 327/480] ok   Sb124fc195b13 COC1C(C)C(C=O)C(C)(C)CC1C(C)C(C)C                    eta  20.7m
[ 328/480] ok   S9d26f01e405c CCCCC(C)(C)C1CC(C)(CC)CCC1=O                         eta  20.6m
[ 329/480] ok   S7dbb49174811 CC(=O)C(C=O)C(=O)OCCCC(C)C=O                         eta  20.4m
[ 330/480] ok   Sfec6fd30602e COCC1(C2CCN(C)C(C)(C)CC2)COC(=O)O1                   eta  20.3m
[ 331/480] ok   Se1bb908c0ee1 COC(=O)OCCCCC(C)CCC(C)N(C)C                          eta  20.1m
[ 332/480] ok   Sea38095c318b CCCCCCCCC(C#N)S(=O)(=O)CCC                           eta  20.0m
[ 333/480] ok   S4ec4197defcd CCCCCCCCCCC(C)(C)C(=O)C(C)C                          eta  19.9m
[ 334/480] ok   Sf31b284fa7dd CCC1C2CCC(CCCC(C)C1C#N)C2                            eta  19.8m
[ 335/480] ok   Sae98a1eabe0e CCC(=O)C(C)C(C)(C)CC(C)C                             eta  19.6m
[ 336/480] ok   S2fce6fd7b967 CCC1C(C)CC2CCCC(=O)C21CC=O                           eta  19.5m
[ 337/480] ok   S66ca0b27cd1a CCC(CCC(C)C)OC(=O)C(C)C(C)(C)CC                      eta  19.4m
[ 338/480] ok   S8cc2d0365bab CCCCCC(CCC#N)CC(=O)OC                                eta  19.2m
[ 339/480] ok   S5aa052dd8716 CCCC(CC(C#N)C#N)C(=O)CCC(=O)OC                       eta  19.1m
[ 340/480] ok   S20ec0926d13b CC1CC(C2CCCCC(=O)O2)C(C)S1(=O)=O                     eta  18.9m
[ 341/480] ok   S979d745f6aab CCC(Cl)CC(CC)CCC(C)CC(C)(C)C                         eta  18.8m
[ 342/480] ok   S153e9e7a6749 CCN1CCCCC1                                           eta  18.7m
[ 343/480] ok   S51886b999575 CCCCC(C=O)C(C)=O                                     eta  18.5m
[ 344/480] ok   S4fd1a5677fcb CCC(CC)C(=O)CCC=O                                    eta  18.3m
[ 345/480] ok   S9e167504e8be CC1CC(=O)C(=O)OCCC(C(C)(C)C=O)C1                     eta  18.2m
[ 346/480] ok   S1ec0682668cb CCCN(CC1(C)OC(=O)OC1C=O)C(C)=O                       eta  18.1m
[ 347/480] ok   S4c19b314358d CC1CC1C(=O)OC(C)(C)CC1(C)CCCC1C                      eta  17.9m
[ 348/480] ok   Sa061a95c6d0c CCCCCC(CC(C)C)C(CC)COC                               eta  17.8m
[ 349/480] ok   S754d0d60dbe4 CCCC1OC(=O)OC1(C)CCCC(C)CN(C)C                       eta  17.7m
[ 350/480] ok   S5b4cde38bd4a CC(C)C1CC(C)C(C(C)C)C2C(C)C12                        eta  17.5m
[ 351/480] ok   S15e558c449d0 CCCC(CC)(C(C=O)C=O)S(=O)(=O)C(C)C                    eta  17.4m
[ 352/480] ok   S85ecd2dec655 CCC(OC(=O)OC)C1(N(C)C)C(=O)CN(C)C1C                  eta  17.3m
[ 353/480] ok   S791529488c5d CC(C#N)C(C)CC1CS(=O)(=O)C1CC=O                       eta  17.1m
[ 354/480] ok   S97c0f5fa1be8 CCC(CCCCCC(=O)OC)S(=O)(=O)CC                         eta  17.0m
[ 355/480] ok   S3b77058420d5 CCC(C)CC1(C)CCC(S(C)(=O)=O)C1=O                      eta  16.9m
[ 356/480] ok   S1eed9ae590ef CCC(CC=O)C(C)CC(C)F                                  eta  16.7m
[ 357/480] ok   Scbe85a3036fd CC1CCCC(C)C(=O)C(CCCC#N)CC1                          eta  16.6m
[ 358/480] ok   S39264c0644d0 CCOC(=O)C(C)C(C)(C)CCC(=O)C=O                        eta  16.4m
[ 359/480] ok   S3aee88c3ee44 CC(C)C(CCC#N)CC1CC2CCCC(C2)C1                        eta  16.3m
[ 360/480] ok   Sec0c9e0557c6 CCCCC(CN(C)C)OC(=O)OC(C)CC(C)OC                      eta  16.2m
[ 361/480] ok   S715eb9e9b5c8 CCCC1(C)OC(=O)OC(CC(C)C)C1N(C)C                      eta  16.0m
[ 362/480] ok   S3218c6edd46c CC1CC2C(C)C(=O)CC(CN(C)C2C)C1C                       eta  15.9m
[ 363/480] ok   Sc39f3e7ddc37 CC(=O)S(=O)(=O)CCC(=O)COC(=O)CC#N                    eta  15.8m
[ 364/480] ok   Sebe194b42019 CCCC(C)C(OC)(OC(=O)OC)C(C#N)N(C)C                    eta  15.6m
[ 365/480] FAIL S5ff415d53ba7 CC(C)OP(=O)(OC(C)C)OC(C)C                            eta  15.6m  Sorry, an error has been detected in your input data (file, smile or selected ch
[ 366/480] ok   Sc4e80ef3f63b CCCCCC(C1CCN(C)C(C)(C)C1)C(F)(F)F                    eta  15.4m
[ 367/480] ok   Sc29024c8efae CCCOC1(C(C)N(C)C)CCC2OC(=O)OCC21                     eta  15.3m
[ 368/480] ok   Sf06d063ea227 CCC(CC)CCC1CC(S(=O)(=O)C=O)C1                        eta  15.2m
[ 369/480] ok   Se77585b6a15f CCC1CC(=O)C(C)(C)C1(C)CC(C)=O                        eta  15.0m
[ 370/480] ok   S988c5234ec75 CC(C)OC(=O)C(=O)CCCCN(C)CCC=O                        eta  14.9m
[ 371/480] ok   Sb5c1c76fc83d CCC1(OC)CCC2C(C)C2(C)C1                              eta  14.8m
[ 372/480] ok   S8a1f3b460cc1 CCC(=O)CC1C(=O)C(CC)CC(=O)C1(C)C                     eta  14.6m
[ 373/480] ok   S2fd40a449a36 CC1CCC(C)C2CC(CC(=O)CCO1)C2                          eta  14.5m
[ 374/480] ok   Sea165e390963 CCCCN(C)CC1CC(CN(C)C)OC(=O)O1                        eta  14.4m
[ 375/480] ok   Sea0f7852bc1b COC(C)C(CCC(C)=O)CC(C)C(C)(C)C                       eta  14.2m
[ 376/480] ok   Sc2da3f9d47cb CCCCCC(C)(CC)S(=O)(=O)Cl                             eta  14.1m
[ 377/480] ok   S31050ef802b7 CCCCC(C)C(C)OC(=O)OC(C)CCN(C)C                       eta  13.9m
[ 378/480] ok   S3609e0db5a32 CCC(C)CC(CC(C)C(C)CC#N)C(C)=O                        eta  13.8m
[ 379/480] ok   Sc8c0216c88c7 CCSCCCCCC(CC)N(C)P(C)OC                              eta  13.7m
[ 380/480] ok   S698449920ee5 COC1(C(C#N)C2CC2)CCC(C)CS1(=O)=O                     eta  13.5m
[ 381/480] ok   S29349899abb5 COS(=O)C(C)(CCC(=O)OC(C)(C)C)C(F)F                   eta  13.4m
[ 382/480] ok   Sb6e799d7255b CCC1(C)CCCC2C(C)(C(C)=O)CCC2(C)C1(C)CC               eta  13.3m
[ 383/480] ok   S5b0d2df8666e CCC1CCCC2C(C)CC(C)C(C)C2S1                           eta  13.1m
[ 384/480] ok   S5b7af698fb58 CCCCCCC(=O)N(CCCCC)C(C)C                             eta  13.0m
[ 385/480] ok   S1ed63aaf7eea CC1CCCC(C(C)CCl)C1                                   eta  12.9m
[ 386/480] ok   S1b9fa5b0a56e CC1CC1C1(C)C(=O)C(C)(C)CCC1C#N                       eta  12.7m
[ 387/480] ok   Sa2f9d5ab5bc8 CC(C)CCC(C)C(C)(C)CCC(=O)N(C)C                       eta  12.6m
[ 388/480] ok   S94587f5415c4 COCC(C)CC(C)OC(=O)OCCC(=O)OC                         eta  12.5m
[ 389/480] ok   Seab43800e2b2 CCN(C)CCC1OCC2OC(=O)OC(C=O)C12                       eta  12.3m
[ 390/480] ok   Sc1a3fa1a5e29 CCCCC(=O)C(C)C(C)C#N                                 eta  12.2m
[ 391/480] ok   Sd4683e48975c CCCCCCCOC(C)CC(C)CC(C)=O                             eta  12.1m
[ 392/480] ok   S685fa58598e5 CCC1CCCC1C(C)C1CC2CCC(F)CC2CC1C                      eta  11.9m
[ 393/480] ok   S9949a476d38f CCS(=O)(=O)C(CC=O)C(C)(C)C1CC1                       eta  11.8m
[ 394/480] ok   S88850f965738 CC1CCCC2(C1)CC(C)CC2S(=O)(=O)C#N                     eta  11.7m
[ 395/480] ok   S9994280c9066 CCC(C1CC1CCC#N)S(=O)(=O)C#N                          eta  11.5m
[ 396/480] ok   Sf0795fabcf1d COCCOCCOc1cccc2c1ON(OCCOCCOC)O2                      eta  11.4m
[ 397/480] ok   S162986e523c0 CCCN(C)C(CC)COC(=O)OCC                               eta  11.2m
[ 398/480] ok   Sf62164bf083a CCCCC(C)C(CC)CCC(C#N)CC=O                            eta  11.1m
[ 399/480] ok   S519dc83df58e CC1N(C)CCC12COC(=O)CCC2CCC#N                         eta  11.0m
[ 400/480] ok   S85c65944c1e6 CC1(C)CC(COCC#N)CC(=O)COC1=O                         eta  10.8m
[ 401/480] ok   Sc1d5b085c4a6 CCCCC(C)(C(C)S(=O)(=O)C=O)C(C)(C)C                   eta  10.7m
[ 402/480] ok   S696cff732953 CCCCCCCC(C)(C)C(C)CCCCC                              eta  10.6m
[ 403/480] ok   Sbf8b40158a86 CCCCC(C)C(C)(C)C(C)(C)C(C)=O                         eta  10.4m
[ 404/480] ok   S76cc975c1cce CCCC(CC)C1(C#N)CCCCC(C)C1C                           eta  10.3m
[ 405/480] ok   Sfb7fc3ba5beb CCCC1(C(C)=O)COCC12CCOC(=O)O2                        eta  10.2m
[ 406/480] ok   S7f77e024fba4 CC(C)CC1C(C)C(C)(S(=O)(=O)CC#N)CN1C                  eta  10.0m
[ 407/480] ok   Sb32b5c629c14 CCC(C)OC(=O)OC1CCCC(C)(C)N(C)C1                      eta   9.9m
[ 408/480] ok   S3581b2b6f846 CCOC(=O)C(CC(=O)C(C)CC=O)C(C)=O                      eta   9.8m
[ 409/480] ok   S6b48be487a73 CC(C)CC1(C)CC2(C)CC(C1=O)C2C=O                       eta   9.6m
[ 410/480] ok   S69b9b984be35 CCCCC(CC)CC(C)C1CCC1                                 eta   9.5m
[ 411/480] ok   Se4ff4b63b20a CCC(C)(C)C(=O)OC1C2CCCC1OC(=O)C(C)C2                 eta   9.4m
[ 412/480] ok   S95c1f2f65deb CCCC1C(CC)S(=O)(=O)CCCCS1(=O)=O                      eta   9.2m
[ 413/480] ok   Sb347e3a9578b COC(=O)C1(C)CCC(C)(CC(F)F)CC1                        eta   9.1m
[ 414/480] ok   S9ffa9592c4bd CCC1C2CCCC3CCC4C5CCCC5C4C3C1C2                       eta   9.0m
[ 415/480] ok   Sc057fe05310c CCCC1(C(C)CC)CC(C)C(C(C)=O)C1C                       eta   8.8m
[ 416/480] ok   S6cce907aa9be CC1CC(=O)C(C)S(=O)(=O)C2CCS(=O)(=O)C12               eta   8.7m
[ 417/480] ok   S534e2e17012b COC(=O)OC1CCN(C)CCOCC1C(C)=O                         eta   8.5m
[ 418/480] ok   Sc1c3f3f68857 CCCC1CCC2C(C)C(=O)C1(C#N)S2(=O)=O                    eta   8.4m
[ 419/480] ok   S6c2d3233eb56 CCCCCC(=O)C(C)C(CCC)N(C)CC                           eta   8.3m
[ 420/480] ok   S44d342792bdc CCCCCC(C)C(C)(CCC)N(C)C(C)C                          eta   8.1m
[ 421/480] ok   S44a6179f4651 CCN(C)C(=O)C(C)(CCC#N)OC(=O)OC                       eta   8.0m
[ 422/480] ok   S401c92d601f2 CC(C=O)OC(=O)OC(C)(C)OC(C)(C)C=O                     eta   7.9m
[ 423/480] ok   S4edbdfe1a4ec CCC1CCCCCCC(C#N)C(C)CC1C                             eta   7.7m
[ 424/480] ok   S360f0ccfc78c CCCC(CS(=O)(=O)CCCCC=O)C(C)C                         eta   7.6m
[ 425/480] ok   S0f053769f10b CCC1OC(=O)C(CC(C)C=O)C(C)CC1=O                       eta   7.5m
[ 426/480] ok   S45901490c8a8 CCCN(C)CCCOC(=O)OCC(C)COC                            eta   7.3m
[ 427/480] ok   Sd194ac8681e5 CCC1(C)C(CCC(=O)OC=O)CCC2(C)C(=O)OCC21               eta   7.2m
[ 428/480] ok   Sacfa4da0209e CC(C#N)C(CN(C)C)OC(=O)OCCCC#N                        eta   7.0m
[ 429/480] ok   Se55de004e234 COC(=O)OCC(C(C)=O)C(C#N)CC(C)OC                      eta   6.9m
[ 430/480] ok   Se1b6102aa863 CC(=O)C1(C)C(C)CCC(C)C(=O)C1(C)C=O                   eta   6.8m
[ 431/480] ok   Sd27fa9cf590c CCCC1C(C)C(C#N)C1CC(=O)C(F)(F)F                      eta   6.6m
[ 432/480] ok   Se337a591bb44 CCC(C)(C)CCCCCCCCCCCC(C)C=O                          eta   6.5m
[ 433/480] ok   Se00f81699490 CCCC(C1CCC(C)(C)C1C(C)(C)C)N(C)C                     eta   6.4m
[ 434/480] ok   Sa498fcf969f4 CCCC1(C)C(C(C)(C#N)C(C)C)CS1(=O)=O                   eta   6.2m
[ 435/480] ok   S67ed6c7b081e CC1CCC(C)(C(C)(C)C)S(=O)(=O)C(=O)C1C                 eta   6.1m
[ 436/480] ok   S64ccd1f97211 CCCOC(=O)C(C)(C#N)CCC                                eta   6.0m
[ 437/480] ok   S1bc3ac9b171e CC(C)CCCC(Cl)(Cl)C=O                                 eta   5.8m
[ 438/480] ok   S55630be3eda4 CCCC(C)C1(CC2(C)CCCC2)CCCC1                          eta   5.7m
[ 439/480] ok   Saae30e6ca6e0 CCCCCCCCCCC(C)CCC(C)(F)C(C)F                         eta   5.6m
[ 440/480] ok   Sc13a6d9f521e CCC(C)C(CCCC1CC1C=O)S(C)(=O)=O                       eta   5.4m
[ 441/480] ok   S5b9a8c0f839c CN(C)C(C)(C)CC1(N(C)C)COC(=O)OCCC1C#N                eta   5.3m
[ 442/480] ok   S08b02c23bec9 CCC1CCC(C2CC(C)C(Cl)C2)C1                            eta   5.1m
[ 443/480] ok   S422dc6ce96ef CC1CC(C)C(CC=O)C(CC#N)C(C)C1C                        eta   5.0m
[ 444/480] ok   S0dbd30800c66 CC1(C2OCC3CC2C3(C)C)CCOC1=O                          eta   4.9m
[ 445/480] ok   S9b68db0cab46 CCC1CCOCC1(C)C1OC(=O)OC1C=O                          eta   4.7m
[ 446/480] ok   Se5a4bf3dc21b CCCCCC(CC(=O)CCC)OC(=O)CC                            eta   4.6m
[ 447/480] ok   Sabade0b232c3 CCC1CC12C(C)CS(=O)(=O)C2CS(C)(=O)=O                  eta   4.5m
[ 448/480] ok   S022c61353116 CCCCCCC(C)CCC(C)S(C)(=O)=O                           eta   4.3m
[ 449/480] ok   S8f5f9f388f6c CCCS(=O)(=O)CCCC1CC(=O)OC1(C)C                       eta   4.2m
[ 450/480] ok   Se2b4e16651af C=Cc1cccc2c1NSN2C(=O)O                               eta   4.1m
[ 451/480] ok   S1721197532fc CC(C)OC(=O)OCOC(=O)CCCCC=O                           eta   3.9m
[ 452/480] ok   S2ddef54783a4 CCCC(CCC(C)=O)OCCCCC=O                               eta   3.8m
[ 453/480] ok   S38c433b58123 CCOC(=O)CC(C)C(=O)CC                                 eta   3.7m
[ 454/480] ok   S06be2808a0ee CC1CCCCC1(CC(=O)CC=O)C(C)(C)C                        eta   3.5m
[ 455/480] ok   S97df65b70b68 CCCCCCP(=O)(CC)C(C)(CCC)CCC                          eta   3.4m
[ 456/480] ok   Sb52df0e4aa9a CC1C2CC(C3CCCC(S(C)(=O)=O)C3)C(C2)C1C                eta   3.2m
[ 457/480] ok   Sc8b9f3c3349d COCCCC(P)CC(C)C                                      eta   3.1m
[ 458/480] ok   S9cd6f953971e CCC(=O)CCOC(=O)C(CC)CCC#N                            eta   3.0m
[ 459/480] ok   S98ed0935cb51 CC(C#N)C(=O)CC1CCCC(C=O)C(=O)C1                      eta   2.8m
[ 460/480] ok   S75c904425325 CCCC(C)(CC(C)C=O)CC(C)CC(C)C                         eta   2.7m
[ 461/480] ok   Sbd7b5848262f COCC(C)C1(C)CCC(C)(C(C)C)S1(=O)=O                    eta   2.6m
[ 462/480] ok   Sd5d1c373e368 CCC(CC)CC(C)C(C)(CC#N)CC(C)C                         eta   2.4m
[ 463/480] ok   S8ee6550648c7 CC1OC(=O)OC(C=O)OC(C)C1N(C)C                         eta   2.3m
[ 464/480] ok   Sf2dc709fd262 CC(C)CC(C=O)C1CCC(C(C)C)CC1                          eta   2.2m
[ 465/480] ok   S6c017f9894e0 CCCCOS(=O)(=O)C(CC)CCS(C)(=O)=O                      eta   2.0m
[ 466/480] ok   S617681c450c9 CCCCCCC(CC)(C(C)C(C)(C)CC)N(C)C                      eta   1.9m
[ 467/480] ok   S60903f8b4e1a CCC1CCCC12COC(C=O)C(C=O)C2C                          eta   1.8m
[ 468/480] ok   Sa44d82c110e0 CCC(C)(CC(C=O)C=O)N(C)C(=O)CC(C)=O                   eta   1.6m
[ 469/480] ok   Sff7af23f4123 CCCCCCCCCCC(CC)(OC)C(F)(F)F                          eta   1.5m
[ 470/480] ok   Sac147167ff96 CCC(C=O)(C=O)C1CC(C)CCC(OC)C1                        eta   1.4m
[ 471/480] ok   S766be2f87fe3 CSCC(=O)OC(=O)CS(C)(=O)=O                            eta   1.2m
[ 472/480] ok   S1be7c1d9033e CCCCCC(=O)OC                                         eta   1.1m
[ 473/480] ok   Sfcdaf49664b4 CCOCCOC(=O)OCC                                       eta   0.9m
[ 474/480] ok   Sb7c437875b15 CC(C)OC(=O)OCOCC(C=O)CCN(C)C                         eta   0.8m
[ 475/480] ok   S13b3affc703a CCCCCCCCCCC(CCCCC)C(C)CC                             eta   0.7m
[ 476/480] ok   S133205710a0d CCC1CC2CC1(CC)C(CCOC)C(=O)C2C                        eta   0.5m
[ 477/480] ok   S5d22b1b640fa CN(CC=O)CCC1C23CCCC12OC(=O)O3                        eta   0.4m
[ 478/480] ok   S34ee68199854 CCCCC(C)P(CCCCC(C)C)C(C)C(C)C                        eta   0.3m
[ 479/480] ok   S3ea4771bc7fc CCC(=O)OCC1CCC(C)(C)C(C)C1C                          eta   0.1m
[ 480/480] ok   Sbde5930bf460 CC(C)CC1(C(C)(C)C#N)CCCCCC1C                         eta   0.0m

fetched 477, failed 3, in 64.8 min
failures -> /project/chibueze/stanley/projects/li-na-md/MD/ht2000/index/ff_failures.csv
manifest -> /project/chibueze/stanley/projects/li-na-md/MD/ht2000/index/solvent_manifest.csv
