[lane 1 07:52:17] assigned 500 runs (lane 1 of 2), omp=12, GPU=1
[lane 1 07:52:19] setup el7597ba7690c5 (row 1)
[lane 1 07:52:57] run el7597ba7690c5 (row 1)
[lane 1 08:06:38] ok el7597ba7690c5 stage=prod 859s
[lane 1 08:06:38] setup elf175f5db8ef1 (row 3)
[lane 1 08:07:59] run elf175f5db8ef1 (row 3)
[lane 1 08:21:54] ok elf175f5db8ef1 stage=prod 916s
[lane 1 08:21:54] setup el236676f27590 (row 5)
[lane 1 08:23:48] run el236676f27590 (row 5)
[lane 1 08:39:38] ok el236676f27590 stage=prod 1064s
[lane 1 08:39:38] setup eld8b3c47d745e (row 7)
[lane 1 08:43:56] run eld8b3c47d745e (row 7)
[lane 1 09:17:22] ok eld8b3c47d745e stage=prod 2264s
[lane 1 09:17:22] setup el4e7b20fdc6c9 (row 9)
[lane 1 09:20:34] run el4e7b20fdc6c9 (row 9)
[lane 1 10:02:28] ok el4e7b20fdc6c9 stage=prod 2706s
[lane 1 10:02:28] setup el95d8465bee30 (row 11)
[lane 1 10:08:10] run el95d8465bee30 (row 11)
[lane 1 10:47:17] ok el95d8465bee30 stage=prod 2689s
[lane 1 10:47:17] setup el501f72c1362c (row 13)
[lane 1 10:51:08] run el501f72c1362c (row 13)
[lane 1 11:20:28] ok el501f72c1362c stage=prod 1991s
[lane 1 11:20:29] setup el794cf0ef024c (row 15)
[lane 1 11:21:05] run el794cf0ef024c (row 15)
[lane 1 11:35:53] ok el794cf0ef024c stage=prod 924s
[lane 1 11:35:53] setup elcd935fbcaf9f (row 17)
[lane 1 11:36:27] run elcd935fbcaf9f (row 17)
[lane 1 11:49:16] ok elcd935fbcaf9f stage=prod 803s
[lane 1 11:49:16] setup el4bf030141572 (row 19)
[lane 1 11:50:43] run el4bf030141572 (row 19)
[lane 1 12:06:14] ok el4bf030141572 stage=prod 1018s
[lane 1 12:06:14] setup el2183aad06a0f (row 21)
[lane 1 12:10:04] run el2183aad06a0f (row 21)
[lane 1 12:40:37] ok el2183aad06a0f stage=prod 2063s
[lane 1 12:40:37] setup el7028b6a30df3 (row 23)
[lane 1 12:42:26] run el7028b6a30df3 (row 23)
[lane 1 13:02:16] ok el7028b6a30df3 stage=prod 1299s
[lane 1 13:02:18] setup el3eb110286f09 (row 25)
[lane 1 13:03:24] run el3eb110286f09 (row 25)
[lane 1 13:20:28] ok el3eb110286f09 stage=prod 1090s
[lane 1 13:20:28] setup el312023535025 (row 27)
[lane 1 13:21:15] run el312023535025 (row 27)
[lane 1 13:37:49] ok el312023535025 stage=prod 1041s
[lane 1 13:37:50] setup el414a179bb393 (row 29)
[lane 1 13:38:26] run el414a179bb393 (row 29)
[lane 1 13:52:32] ok el414a179bb393 stage=prod 882s
[lane 1 13:52:32] setup el0d3cc76cbee4 (row 31)
[lane 1 13:57:10] run el0d3cc76cbee4 (row 31)
[lane 1 14:31:08] ok el0d3cc76cbee4 stage=prod 2316s
[lane 1 14:31:10] setup el062b42f57acd (row 33)
[lane 1 14:32:14] run el062b42f57acd (row 33)
[lane 1 14:45:39] ok el062b42f57acd stage=prod 869s
[lane 1 14:45:39] setup el6643f0efc1bf (row 35)
[lane 1 14:48:28] run el6643f0efc1bf (row 35)
[lane 1 15:10:54] ok el6643f0efc1bf stage=prod 1515s
[lane 1 15:10:54] setup el7c816e5f3886 (row 37)
[lane 1 15:13:29] run el7c816e5f3886 (row 37)
[lane 1 15:33:58] ok el7c816e5f3886 stage=prod 1384s
[lane 1 15:33:58] setup el5884842047fd (row 39)
[lane 1 15:37:36] run el5884842047fd (row 39)
[lane 1 16:06:13] ok el5884842047fd stage=prod 1935s
[lane 1 16:06:13] setup eld4a52ffb2f7f (row 41)
[lane 1 16:09:18] run eld4a52ffb2f7f (row 41)
[lane 1 16:34:46] ok eld4a52ffb2f7f stage=prod 1713s
[lane 1 16:34:46] setup el32457280ad3e (row 43)
[lane 1 16:36:19] run el32457280ad3e (row 43)
[lane 1 16:53:18] ok el32457280ad3e stage=prod 1112s
[lane 1 16:53:19] setup ela5f6b4185729 (row 45)
[lane 1 16:54:23] run ela5f6b4185729 (row 45)
[lane 1 17:11:38] ok ela5f6b4185729 stage=prod 1099s
[lane 1 17:11:38] setup eld80ae05da57c (row 47)
[lane 1 17:17:38] run eld80ae05da57c (row 47)
[lane 1 17:58:09] ok eld80ae05da57c stage=prod 2791s
[lane 1 17:58:09] setup el2d0b41ef000d (row 49)
[lane 1 18:03:41] run el2d0b41ef000d (row 49)
[lane 1 18:42:45] ok el2d0b41ef000d stage=prod 2676s
[lane 1 18:42:45] setup el3869a36725aa (row 51)
[lane 1 18:43:25] run el3869a36725aa (row 51)
[lane 1 18:56:28] ok el3869a36725aa stage=prod 823s
[lane 1 18:56:28] setup ela5687bb9faf7 (row 53)
[lane 1 18:57:47] run ela5687bb9faf7 (row 53)
[lane 1 19:13:17] ok ela5687bb9faf7 stage=prod 1009s
[lane 1 19:13:17] setup el3dd90f5d79fb (row 55)
[lane 1 19:20:51] run el3dd90f5d79fb (row 55)
[lane 1 20:09:26] ok el3dd90f5d79fb stage=prod 3369s
[lane 1 20:09:26] setup el92a0cd8521dc (row 57)
[lane 1 20:17:26] run el92a0cd8521dc (row 57)
[lane 1 21:10:41] ok el92a0cd8521dc stage=prod 3675s
[lane 1 21:10:43] setup el8709a6d4b697 (row 59)
[lane 1 21:12:32] run el8709a6d4b697 (row 59)
[lane 1 21:28:52] ok el8709a6d4b697 stage=prod 1089s
[lane 1 21:28:52] setup el151002b0db1c (row 61)
[lane 1 21:31:39] run el151002b0db1c (row 61)
[lane 1 22:01:57] ok el151002b0db1c stage=prod 1985s
[lane 1 22:01:57] setup elfc8d5b60e7cd (row 63)
[lane 1 22:03:08] run elfc8d5b60e7cd (row 63)
[lane 1 22:18:39] ok elfc8d5b60e7cd stage=prod 1002s
[lane 1 22:18:39] setup elfb44e7259eb0 (row 65)
[lane 1 22:18:57] run elfb44e7259eb0 (row 65)
[lane 1 22:33:59] ok elfb44e7259eb0 stage=prod 920s
[lane 1 22:33:59] setup el65e3da351cbb (row 67)
[lane 1 22:36:07] run el65e3da351cbb (row 67)
[lane 1 22:54:11] ok el65e3da351cbb stage=prod 1212s
[lane 1 22:54:11] setup el655167388e4d (row 69)
[lane 1 23:00:54] run el655167388e4d (row 69)
[lane 1 23:47:30] ok el655167388e4d stage=prod 3199s
[lane 1 23:47:31] setup el0fe82d94cf10 (row 71)
[lane 1 23:49:36] run el0fe82d94cf10 (row 71)
[lane 1 00:10:28] ok el0fe82d94cf10 stage=prod 1377s
[lane 1 00:10:30] setup el917865322815 (row 73)
[lane 1 00:11:38] run el917865322815 (row 73)
[lane 1 00:26:17] ok el917865322815 stage=prod 947s
[lane 1 00:26:19] setup elc9bcbebc4716 (row 75)
[lane 1 00:28:20] run elc9bcbebc4716 (row 75)
[lane 1 00:48:25] ok elc9bcbebc4716 stage=prod 1326s
[lane 1 00:48:26] setup elb88f75c93135 (row 77)
[lane 1 00:53:16] run elb88f75c93135 (row 77)
[lane 1 01:27:45] ok elb88f75c93135 stage=prod 2359s
[lane 1 01:27:45] setup el2788879a5d04 (row 79)
[lane 1 01:29:43] run el2788879a5d04 (row 79)
[lane 1 01:48:22] ok el2788879a5d04 stage=prod 1237s
[lane 1 01:48:22] setup el2316e82aa087 (row 81)
[lane 1 01:50:23] run el2316e82aa087 (row 81)
[lane 1 02:11:54] ok el2316e82aa087 stage=prod 1412s
[lane 1 02:11:54] setup el9bc5e1d1ef88 (row 83)
[lane 1 02:12:23] run el9bc5e1d1ef88 (row 83)
[lane 1 02:28:53] ok el9bc5e1d1ef88 stage=prod 1019s
[lane 1 02:28:53] setup ela6d2d98d91bd (row 85)
[lane 1 02:29:52] run ela6d2d98d91bd (row 85)
[lane 1 02:46:02] ok ela6d2d98d91bd stage=prod 1029s
[lane 1 02:46:03] setup elb13ed757beab (row 87)
[lane 1 02:47:53] run elb13ed757beab (row 87)
[lane 1 03:08:53] ok elb13ed757beab stage=prod 1370s
[lane 1 03:08:54] setup el2bd4383c3559 (row 89)
[lane 1 03:09:36] run el2bd4383c3559 (row 89)
[lane 1 03:26:39] ok el2bd4383c3559 stage=prod 1065s
[lane 1 03:26:40] setup el0c5fa3ee9ef6 (row 91)
[lane 1 03:27:09] run el0c5fa3ee9ef6 (row 91)
[lane 1 03:44:07] ok el0c5fa3ee9ef6 stage=prod 1047s
[lane 1 03:44:07] setup el94b8eba5f007 (row 93)
[lane 1 03:46:52] run el94b8eba5f007 (row 93)
[lane 1 04:08:59] ok el94b8eba5f007 stage=prod 1492s
[lane 1 04:09:01] setup el9fe0d135300f (row 95)
[lane 1 04:10:11] run el9fe0d135300f (row 95)
[lane 1 04:28:15] ok el9fe0d135300f stage=prod 1154s
[lane 1 04:28:15] setup el9d856546ceb0 (row 97)
[lane 1 04:30:39] run el9d856546ceb0 (row 97)
[lane 1 04:52:21] ok el9d856546ceb0 stage=prod 1446s
[lane 1 04:52:21] setup elf918275ed8b0 (row 99)
[lane 1 04:54:05] run elf918275ed8b0 (row 99)
[lane 1 05:27:14] ok elf918275ed8b0 stage=prod 2093s
[lane 1 05:27:15] setup el3146290dc960 (row 101)
[lane 1 05:27:46] run el3146290dc960 (row 101)
[lane 1 05:43:07] ok el3146290dc960 stage=prod 952s
[lane 1 05:43:08] setup elb2a92b38832e (row 103)
[lane 1 05:44:20] run elb2a92b38832e (row 103)
[lane 1 06:01:46] ok elb2a92b38832e stage=prod 1118s
[lane 1 06:01:47] setup eldbe5746dbac4 (row 105)
[lane 1 06:04:52] run eldbe5746dbac4 (row 105)
[lane 1 06:28:31] ok eldbe5746dbac4 stage=prod 1604s
[lane 1 06:28:31] setup el268660d5c8bc (row 107)
[lane 1 06:29:38] run el268660d5c8bc (row 107)
[lane 1 06:46:16] ok el268660d5c8bc stage=prod 1065s
[lane 1 06:46:16] setup el466b3a70fad0 (row 109)
[lane 1 06:48:19] run el466b3a70fad0 (row 109)
[lane 1 07:06:27] ok el466b3a70fad0 stage=prod 1211s
[lane 1 07:06:27] setup elcb5215896739 (row 111)
[lane 1 07:07:30] run elcb5215896739 (row 111)
[lane 1 07:24:09] ok elcb5215896739 stage=prod 1062s
[lane 1 07:24:09] setup el71285b44c623 (row 113)
[lane 1 07:25:47] run el71285b44c623 (row 113)
[lane 1 07:43:44] ok el71285b44c623 stage=prod 1175s
[lane 1 07:43:44] setup el74a3497659b7 (row 115)
[lane 1 07:44:21] run el74a3497659b7 (row 115)
[lane 1 08:03:04] ok el74a3497659b7 stage=prod 1160s
[lane 1 08:03:04] setup elb9543286b182 (row 117)
[lane 1 08:05:27] run elb9543286b182 (row 117)
[lane 1 08:27:08] ok elb9543286b182 stage=prod 1444s
[lane 1 08:27:10] setup el4c1cced8c37d (row 119)
[lane 1 08:28:00] run el4c1cced8c37d (row 119)
[lane 1 08:43:17] ok el4c1cced8c37d stage=prod 967s
[lane 1 08:43:17] setup ela4820f68ecdf (row 121)
[lane 1 08:44:47] run ela4820f68ecdf (row 121)
[lane 1 09:01:08] ok ela4820f68ecdf stage=prod 1071s
[lane 1 09:01:08] setup el59832eaab72c (row 123)
[lane 1 09:02:52] run el59832eaab72c (row 123)
[lane 1 09:19:38] ok el59832eaab72c stage=prod 1110s
[lane 1 09:19:38] setup ele82b91799f70 (row 125)
[lane 1 09:21:43] run ele82b91799f70 (row 125)
[lane 1 09:41:25] ok ele82b91799f70 stage=prod 1307s
[lane 1 09:41:25] setup el4d9657628603 (row 127)
[lane 1 09:43:55] run el4d9657628603 (row 127)
[lane 1 10:06:35] ok el4d9657628603 stage=prod 1510s
[lane 1 10:06:35] setup elfe7c0f4d6901 (row 129)
[lane 1 10:08:25] run elfe7c0f4d6901 (row 129)
[lane 1 10:25:44] ok elfe7c0f4d6901 stage=prod 1149s
[lane 1 10:25:44] setup el6db8c1a07d30 (row 131)
[lane 1 10:28:30] run el6db8c1a07d30 (row 131)
[lane 1 10:52:01] ok el6db8c1a07d30 stage=prod 1577s
[lane 1 10:52:01] setup el6b63aa53b857 (row 133)
[lane 1 10:52:32] run el6b63aa53b857 (row 133)
[lane 1 11:20:56] ok el6b63aa53b857 stage=prod 1735s
[lane 1 11:20:56] setup el4e7256a035dd (row 135)
[lane 1 11:22:20] run el4e7256a035dd (row 135)
[lane 1 11:37:43] ok el4e7256a035dd stage=prod 1007s
[lane 1 11:37:43] setup el2520af5e6019 (row 137)
[lane 1 11:39:02] run el2520af5e6019 (row 137)
[lane 1 11:54:42] ok el2520af5e6019 stage=prod 1019s
[lane 1 11:54:43] setup elffeb36dda789 (row 139)
[lane 1 11:56:09] run elffeb36dda789 (row 139)
[lane 1 12:12:46] ok elffeb36dda789 stage=prod 1083s
[lane 1 12:12:46] setup elfbe9340adfcb (row 141)
[lane 1 12:13:18] run elfbe9340adfcb (row 141)
[lane 1 12:28:23] ok elfbe9340adfcb stage=prod 937s
[lane 1 12:28:25] setup el7d16d0ee816d (row 143)
[lane 1 12:30:05] run el7d16d0ee816d (row 143)
[lane 1 12:45:41] ok el7d16d0ee816d stage=prod 1036s
[lane 1 12:45:41] setup el8649af1be3e6 (row 145)
[lane 1 12:48:58] run el8649af1be3e6 (row 145)
[lane 1 13:22:33] ok el8649af1be3e6 stage=prod 2212s
[lane 1 13:22:33] setup el2722f45abd19 (row 147)
[lane 1 13:26:40] run el2722f45abd19 (row 147)
[lane 1 14:07:34] ok el2722f45abd19 stage=prod 2701s
[lane 1 14:07:34] setup el86ac73980620 (row 149)
[lane 1 14:08:04] run el86ac73980620 (row 149)
[lane 1 14:24:27] ok el86ac73980620 stage=prod 1013s
[lane 1 14:24:27] setup elcc92cf6d9fb3 (row 151)
[lane 1 14:25:53] run elcc92cf6d9fb3 (row 151)
[lane 1 14:48:41] ok elcc92cf6d9fb3 stage=prod 1454s
[lane 1 14:48:41] setup elb6600e96394c (row 153)
[lane 1 14:50:11] run elb6600e96394c (row 153)
[lane 1 15:06:39] ok elb6600e96394c stage=prod 1078s
[lane 1 15:06:39] setup el5d6563c951a7 (row 155)
[lane 1 15:08:53] run el5d6563c951a7 (row 155)
[lane 1 15:33:40] ok el5d6563c951a7 stage=prod 1621s
[lane 1 15:33:40] setup el2c665213fc18 (row 157)
[lane 1 15:34:53] run el2c665213fc18 (row 157)
[lane 1 15:49:55] ok el2c665213fc18 stage=prod 975s
[lane 1 15:49:56] setup el62e2a5f0a404 (row 159)
[lane 1 15:52:43] run el62e2a5f0a404 (row 159)
[lane 1 16:28:05] ok el62e2a5f0a404 stage=prod 2289s
[lane 1 16:28:05] setup elec4bbd9923a4 (row 161)
[lane 1 16:29:23] run elec4bbd9923a4 (row 161)
[lane 1 16:45:25] ok elec4bbd9923a4 stage=prod 1040s
[lane 1 16:45:27] setup el2e6589837018 (row 163)
[lane 1 16:45:58] run el2e6589837018 (row 163)
[lane 1 16:59:43] ok el2e6589837018 stage=prod 856s
[lane 1 16:59:45] setup el5db6ae58d934 (row 165)
[lane 1 17:01:06] run el5db6ae58d934 (row 165)
[lane 1 17:27:28] ok el5db6ae58d934 stage=prod 1663s
[lane 1 17:27:28] setup elb7c62c1797f1 (row 167)
[lane 1 17:29:15] run elb7c62c1797f1 (row 167)
[lane 1 17:45:31] ok elb7c62c1797f1 stage=prod 1083s
[lane 1 17:45:31] setup elec8eb8e204a1 (row 169)
[lane 1 17:46:43] run elec8eb8e204a1 (row 169)
[lane 1 18:04:00] ok elec8eb8e204a1 stage=prod 1109s
[lane 1 18:04:00] setup el7b044cb757d8 (row 171)
[lane 1 18:06:41] run el7b044cb757d8 (row 171)
[lane 1 18:28:32] ok el7b044cb757d8 stage=prod 1472s
[lane 1 18:28:33] setup el7d05a32a7fa9 (row 173)
[lane 1 18:33:49] run el7d05a32a7fa9 (row 173)
[lane 1 19:09:57] ok el7d05a32a7fa9 stage=prod 2484s
[lane 1 19:09:57] only 2540s of wall left -- stopping cleanly before row 175
[lane 1 19:09:57] lane finished: ok=87 failed=0 skipped=0
