[lane 0 07:52:17] assigned 500 runs (lane 0 of 2), omp=12, GPU=0
[lane 0 07:52:19] setup elf35763229972 (row 0)
[lane 0 07:59:31] run elf35763229972 (row 0)
[lane 0 08:43:34] ok elf35763229972 stage=prod 3075s
[lane 0 08:43:35] setup elac561a4f091a (row 2)
[lane 0 08:46:19] run elac561a4f091a (row 2)
[lane 0 09:08:56] ok elac561a4f091a stage=prod 1521s
[lane 0 09:08:56] setup elf7bea05a86d1 (row 4)
[lane 0 09:11:50] run elf7bea05a86d1 (row 4)
[lane 0 09:37:13] ok elf7bea05a86d1 stage=prod 1697s
[lane 0 09:37:13] setup elacfce19e9bbb (row 6)
[lane 0 09:38:05] run elacfce19e9bbb (row 6)
[lane 0 09:58:57] ok elacfce19e9bbb stage=prod 1304s
[lane 0 09:58:57] setup el838b41ea013e (row 8)
[lane 0 09:59:14] run el838b41ea013e (row 8)
[lane 0 10:10:55] ok el838b41ea013e stage=prod 718s
[lane 0 10:10:56] setup el470d3e924b56 (row 10)
[lane 0 10:12:00] run el470d3e924b56 (row 10)
[lane 0 10:27:39] ok el470d3e924b56 stage=prod 1003s
[lane 0 10:27:40] setup elae6508ce0781 (row 12)
[lane 0 10:32:08] run elae6508ce0781 (row 12)
[lane 0 11:05:08] ok elae6508ce0781 stage=prod 2248s
[lane 0 11:05:09] setup ela0d88377e306 (row 14)
[lane 0 11:08:23] run ela0d88377e306 (row 14)
[lane 0 11:36:17] ok ela0d88377e306 stage=prod 1868s
[lane 0 11:36:17] setup el298f4dddb774 (row 16)
[lane 0 11:36:49] run el298f4dddb774 (row 16)
[lane 0 11:50:51] ok el298f4dddb774 stage=prod 874s
[lane 0 11:50:51] setup el50816680a48b (row 18)
[lane 0 11:55:28] run el50816680a48b (row 18)
[lane 0 12:29:05] ok el50816680a48b stage=prod 2294s
[lane 0 12:29:05] setup el6f84d3a04935 (row 20)
[lane 0 12:35:47] run el6f84d3a04935 (row 20)
[lane 0 13:20:01] ok el6f84d3a04935 stage=prod 3056s
[lane 0 13:20:02] setup ela37909e71322 (row 22)
[lane 0 13:21:56] run ela37909e71322 (row 22)
[lane 0 13:42:56] ok ela37909e71322 stage=prod 1374s
[lane 0 13:42:56] setup elf5acc8607211 (row 24)
[lane 0 13:45:39] run elf5acc8607211 (row 24)
[lane 0 14:07:10] ok elf5acc8607211 stage=prod 1454s
[lane 0 14:07:10] setup elc737a74db855 (row 26)
[lane 0 14:08:04] run elc737a74db855 (row 26)
[lane 0 14:23:51] ok elc737a74db855 stage=prod 1001s
[lane 0 14:23:51] setup elcc70c0acb705 (row 28)
[lane 0 14:29:42] run elcc70c0acb705 (row 28)
[lane 0 15:09:17] ok elcc70c0acb705 stage=prod 2726s
[lane 0 15:09:17] setup el88539cc97723 (row 30)
[lane 0 15:10:51] run el88539cc97723 (row 30)
[lane 0 15:37:29] ok el88539cc97723 stage=prod 1692s
[lane 0 15:37:29] setup elbaea912bc037 (row 32)
[lane 0 15:38:19] run elbaea912bc037 (row 32)
[lane 0 15:53:32] ok elbaea912bc037 stage=prod 963s
[lane 0 15:53:32] setup el02617350b870 (row 34)
[lane 0 15:56:59] run el02617350b870 (row 34)
[lane 0 16:20:53] ok el02617350b870 stage=prod 1641s
[lane 0 16:20:53] setup elb5cf8685ae08 (row 36)
[lane 0 16:24:23] run elb5cf8685ae08 (row 36)
[lane 0 16:49:04] ok elb5cf8685ae08 stage=prod 1691s
[lane 0 16:49:04] setup eldb1df5920079 (row 38)
[lane 0 16:49:32] run eldb1df5920079 (row 38)
[lane 0 17:02:05] ok eldb1df5920079 stage=prod 781s
[lane 0 17:02:05] setup elbd1f28abb0f4 (row 40)
[lane 0 17:03:38] run elbd1f28abb0f4 (row 40)
[lane 0 17:20:40] ok elbd1f28abb0f4 stage=prod 1115s
[lane 0 17:20:40] setup el9ab9d70e10bb (row 42)
[lane 0 17:23:52] run el9ab9d70e10bb (row 42)
[lane 0 17:51:07] ok el9ab9d70e10bb stage=prod 1827s
[lane 0 17:51:07] setup el19ab8c4f0365 (row 44)
[lane 0 17:52:52] run el19ab8c4f0365 (row 44)
[lane 0 18:29:20] ok el19ab8c4f0365 stage=prod 2293s
[lane 0 18:29:20] setup el06eb2d7bbf69 (row 46)
[lane 0 18:31:13] run el06eb2d7bbf69 (row 46)
[lane 0 18:50:13] ok el06eb2d7bbf69 stage=prod 1253s
[lane 0 18:50:13] setup elf57c8abddf41 (row 48)
[lane 0 18:51:55] run elf57c8abddf41 (row 48)
[lane 0 19:08:04] ok elf57c8abddf41 stage=prod 1071s
[lane 0 19:08:04] setup ela352c98ee58f (row 50)
[lane 0 19:08:56] run ela352c98ee58f (row 50)
[lane 0 19:24:31] ok ela352c98ee58f stage=prod 987s
[lane 0 19:24:31] setup el95e78b5083eb (row 52)
[lane 0 19:26:04] run el95e78b5083eb (row 52)
[lane 0 19:44:25] ok el95e78b5083eb stage=prod 1194s
[lane 0 19:44:25] setup el9329f8de0c3f (row 54)
[lane 0 19:49:36] run el9329f8de0c3f (row 54)
[lane 0 20:24:28] ok el9329f8de0c3f stage=prod 2403s
[lane 0 20:24:28] setup eld4fbc6228233 (row 56)
[lane 0 20:26:21] run eld4fbc6228233 (row 56)
[lane 0 20:44:46] ok eld4fbc6228233 stage=prod 1218s
[lane 0 20:44:46] setup el81f19c4be9e0 (row 58)
[lane 0 20:48:38] run el81f19c4be9e0 (row 58)
[lane 0 21:19:19] ok el81f19c4be9e0 stage=prod 2073s
[lane 0 21:19:19] setup el3bc3c559df22 (row 60)
[lane 0 21:21:08] run el3bc3c559df22 (row 60)
[lane 0 21:41:41] ok el3bc3c559df22 stage=prod 1342s
[lane 0 21:41:41] setup elefcd2c7eeea6 (row 62)
[lane 0 21:42:22] run elefcd2c7eeea6 (row 62)
[lane 0 21:57:27] ok elefcd2c7eeea6 stage=prod 946s
[lane 0 21:57:27] setup eld6e8f331ccc1 (row 64)
[lane 0 21:58:29] run eld6e8f331ccc1 (row 64)
[lane 0 22:12:05] ok eld6e8f331ccc1 stage=prod 878s
[lane 0 22:12:06] setup elc5309b69e587 (row 66)
[lane 0 22:12:54] run elc5309b69e587 (row 66)
[lane 0 22:30:04] ok elc5309b69e587 stage=prod 1078s
[lane 0 22:30:04] setup el5955dd391dde (row 68)
[lane 0 22:32:54] run el5955dd391dde (row 68)
[lane 0 23:02:52] ok el5955dd391dde stage=prod 1968s
[lane 0 23:02:52] setup el24cdf75b1238 (row 70)
[lane 0 23:03:31] run el24cdf75b1238 (row 70)
[lane 0 23:16:45] ok el24cdf75b1238 stage=prod 833s
[lane 0 23:16:45] setup el8cc5e371d812 (row 72)
[lane 0 23:17:43] run el8cc5e371d812 (row 72)
[lane 0 23:38:56] ok el8cc5e371d812 stage=prod 1331s
[lane 0 23:38:56] setup elde0d960032d0 (row 74)
[lane 0 23:39:51] run elde0d960032d0 (row 74)
[lane 0 23:53:53] ok elde0d960032d0 stage=prod 897s
[lane 0 23:53:53] setup el0b55ee200037 (row 76)
[lane 0 23:56:56] run el0b55ee200037 (row 76)
[lane 0 00:22:19] ok el0b55ee200037 stage=prod 1706s
[lane 0 00:22:20] setup ele4130ef7fb7d (row 78)
[lane 0 00:24:20] run ele4130ef7fb7d (row 78)
[lane 0 00:41:15] ok ele4130ef7fb7d stage=prod 1135s
[lane 0 00:41:17] setup el58f3af94d1b3 (row 80)
[lane 0 00:43:50] run el58f3af94d1b3 (row 80)
[lane 0 01:06:48] ok el58f3af94d1b3 stage=prod 1531s
[lane 0 01:06:48] setup el8a2fcb8785a2 (row 82)
[lane 0 01:09:37] run el8a2fcb8785a2 (row 82)
[lane 0 01:36:23] ok el8a2fcb8785a2 stage=prod 1775s
[lane 0 01:36:24] setup el174db485fccc (row 84)
[lane 0 01:37:32] run el174db485fccc (row 84)
[lane 0 01:56:16] ok el174db485fccc stage=prod 1192s
[lane 0 01:56:16] setup elc4013212969b (row 86)
[lane 0 01:58:12] run elc4013212969b (row 86)
[lane 0 02:32:07] ok elc4013212969b stage=prod 2151s
[lane 0 02:32:07] setup el68fdf80c2fad (row 88)
[lane 0 02:33:39] run el68fdf80c2fad (row 88)
[lane 0 02:49:01] ok el68fdf80c2fad stage=prod 1014s
[lane 0 02:49:01] setup el3b97cc921760 (row 90)
[lane 0 02:51:15] run el3b97cc921760 (row 90)
[lane 0 03:21:39] ok el3b97cc921760 stage=prod 1958s
[lane 0 03:21:39] setup elcaeee303da8b (row 92)
[lane 0 03:24:24] run elcaeee303da8b (row 92)
[lane 0 03:48:10] ok elcaeee303da8b stage=prod 1591s
[lane 0 03:48:12] setup el8f3de7778088 (row 94)
[lane 0 03:50:32] run el8f3de7778088 (row 94)
[lane 0 04:11:31] ok el8f3de7778088 stage=prod 1398s
[lane 0 04:11:31] setup eld498a27a2c63 (row 96)
[lane 0 04:13:17] run eld498a27a2c63 (row 96)
[lane 0 04:30:04] ok eld498a27a2c63 stage=prod 1113s
[lane 0 04:30:05] setup eld6555ba846b1 (row 98)
[lane 0 04:31:08] run eld6555ba846b1 (row 98)
[lane 0 04:56:03] ok eld6555ba846b1 stage=prod 1558s
[lane 0 04:56:05] setup el1dbbf308a0dd (row 100)
[lane 0 04:57:50] run el1dbbf308a0dd (row 100)
[lane 0 05:24:56] ok el1dbbf308a0dd stage=prod 1731s
[lane 0 05:24:56] setup eld04353f66ede (row 102)
[lane 0 05:25:52] run eld04353f66ede (row 102)
[lane 0 05:47:02] ok eld04353f66ede stage=prod 1326s
[lane 0 05:47:02] setup elf4108c4f5c80 (row 104)
[lane 0 05:47:43] run elf4108c4f5c80 (row 104)
[lane 0 06:03:26] ok elf4108c4f5c80 stage=prod 984s
[lane 0 06:03:26] setup ela9e82ab32dba (row 106)
[lane 0 06:05:27] run ela9e82ab32dba (row 106)
[lane 0 06:26:18] ok ela9e82ab32dba stage=prod 1372s
[lane 0 06:26:20] setup elac14a9a8bf66 (row 108)
[lane 0 06:27:20] run elac14a9a8bf66 (row 108)
[lane 0 06:44:49] ok elac14a9a8bf66 stage=prod 1109s
[lane 0 06:44:49] setup elde720a1384e5 (row 110)
[lane 0 06:48:06] run elde720a1384e5 (row 110)
[lane 0 07:13:45] ok elde720a1384e5 stage=prod 1736s
[lane 0 07:13:46] setup elb7f901796225 (row 112)
[lane 0 07:19:17] run elb7f901796225 (row 112)
[lane 0 07:58:10] ok elb7f901796225 stage=prod 2664s
[lane 0 07:58:10] setup el592c57d0a230 (row 114)
[lane 0 08:01:39] run el592c57d0a230 (row 114)
[lane 0 08:28:19] ok el592c57d0a230 stage=prod 1809s
[lane 0 08:28:20] setup el84ec76818973 (row 116)
[lane 0 08:30:39] run el84ec76818973 (row 116)
[lane 0 08:57:26] ok el84ec76818973 stage=prod 1746s
[lane 0 08:57:26] setup el97d13ab8c60f (row 118)
[lane 0 08:58:34] run el97d13ab8c60f (row 118)
[lane 0 09:14:10] ok el97d13ab8c60f stage=prod 1004s
[lane 0 09:14:11] setup el9aa473bbbedf (row 120)
[lane 0 09:16:31] run el9aa473bbbedf (row 120)
[lane 0 09:38:27] ok el9aa473bbbedf stage=prod 1456s
[lane 0 09:38:27] setup elada724a6bc39 (row 122)
[lane 0 09:39:26] run elada724a6bc39 (row 122)
[lane 0 09:56:44] ok elada724a6bc39 stage=prod 1097s
[lane 0 09:56:44] setup el1138d9933490 (row 124)
[lane 0 09:59:20] run el1138d9933490 (row 124)
[lane 0 10:21:28] ok el1138d9933490 stage=prod 1484s
[lane 0 10:21:28] setup el06d31c59a7fa (row 126)
[lane 0 10:27:32] run el06d31c59a7fa (row 126)
[lane 0 11:11:35] ok el06d31c59a7fa stage=prod 3007s
[lane 0 11:11:35] setup eld96cf4b84731 (row 128)
[lane 0 11:11:53] run eld96cf4b84731 (row 128)
[lane 0 11:24:53] ok eld96cf4b84731 stage=prod 798s
[lane 0 11:24:53] setup el471f225c094c (row 130)
[lane 0 11:28:01] run el471f225c094c (row 130)
[lane 0 11:52:55] ok el471f225c094c stage=prod 1682s
[lane 0 11:52:56] setup ele4b252857f33 (row 132)
[lane 0 11:56:53] run ele4b252857f33 (row 132)
[lane 0 12:26:54] ok ele4b252857f33 stage=prod 2038s
[lane 0 12:26:54] setup elb222f7a4aa6d (row 134)
[lane 0 12:29:28] run elb222f7a4aa6d (row 134)
[lane 0 12:52:35] ok elb222f7a4aa6d stage=prod 1541s
[lane 0 12:52:35] setup el7ac764774093 (row 136)
[lane 0 12:57:26] run el7ac764774093 (row 136)
[lane 0 13:35:55] ok el7ac764774093 stage=prod 2600s
[lane 0 13:35:55] setup el10e8f531fe37 (row 138)
[lane 0 13:37:57] run el10e8f531fe37 (row 138)
[lane 0 13:56:13] ok el10e8f531fe37 stage=prod 1218s
[lane 0 13:56:14] setup el2dab29b49dc4 (row 140)
[lane 0 13:58:40] run el2dab29b49dc4 (row 140)
[lane 0 14:20:28] ok el2dab29b49dc4 stage=prod 1454s
[lane 0 14:20:29] setup eld72e36760b00 (row 142)
[lane 0 14:20:49] run eld72e36760b00 (row 142)
[lane 0 14:36:17] ok eld72e36760b00 stage=prod 948s
[lane 0 14:36:17] setup el3a2efa7d33fd (row 144)
[lane 0 14:36:42] run el3a2efa7d33fd (row 144)
[lane 0 14:50:35] ok el3a2efa7d33fd stage=prod 858s
[lane 0 14:50:35] setup el066330c7f601 (row 146)
[lane 0 14:53:12] run el066330c7f601 (row 146)
[lane 0 15:15:57] ok el066330c7f601 stage=prod 1522s
[lane 0 15:15:57] setup el6c55022b8c79 (row 148)
[lane 0 15:16:27] run el6c55022b8c79 (row 148)
[lane 0 15:30:57] ok el6c55022b8c79 stage=prod 900s
[lane 0 15:30:58] setup elf7d09dc6a3fb (row 150)
[lane 0 15:34:45] run elf7d09dc6a3fb (row 150)
[lane 0 16:09:12] ok elf7d09dc6a3fb stage=prod 2294s
[lane 0 16:09:14] setup eld111bdc88449 (row 152)
[lane 0 16:10:41] run eld111bdc88449 (row 152)
[lane 0 16:30:32] ok eld111bdc88449 stage=prod 1278s
[lane 0 16:30:32] setup el5ffb2f8d44b7 (row 154)
[lane 0 16:37:34] run el5ffb2f8d44b7 (row 154)
[lane 0 17:25:34] ok el5ffb2f8d44b7 stage=prod 3302s
[lane 0 17:25:34] setup el07014f033d05 (row 156)
[lane 0 17:27:37] run el07014f033d05 (row 156)
[lane 0 17:45:30] ok el07014f033d05 stage=prod 1196s
[lane 0 17:45:30] setup el6bd85ec13fa8 (row 158)
[lane 0 17:45:50] run el6bd85ec13fa8 (row 158)
[lane 0 17:58:13] ok el6bd85ec13fa8 stage=prod 763s
[lane 0 17:58:13] setup eld62fbf7c980e (row 160)
[lane 0 17:59:33] run eld62fbf7c980e (row 160)
[lane 0 18:14:39] ok eld62fbf7c980e stage=prod 986s
[lane 0 18:14:39] setup eldc0d1957e9b1 (row 162)
[lane 0 18:16:50] run eldc0d1957e9b1 (row 162)
[lane 0 18:35:00] ok eldc0d1957e9b1 stage=prod 1221s
[lane 0 18:35:01] setup elfbb985e1a2af (row 164)
[lane 0 18:39:00] run elfbb985e1a2af (row 164)
[lane 0 19:09:01] ok elfbb985e1a2af stage=prod 2040s
[lane 0 19:09:03] only 2594s of wall left -- stopping cleanly before row 166
[lane 0 19:09:03] lane finished: ok=83 failed=0 skipped=0
